 flightControlSystem_sfun

 Timestamp is 644baaf8 (Fri Apr 28 04:16:08 2023)

 Preferred load address is 0000000180000000

 Start         Length     Name                   Class
 0001:00000000 00011390H .text$mn                CODE
 0001:00011390 00000036H .text$mn$00             CODE
 0001:000113c6 00000092H .text$x                 CODE
 0002:00000000 00000480H .idata$5                DATA
 0002:00000480 00000038H .00cfg                  DATA
 0002:000004b8 00000008H .CRT$XCA                DATA
 0002:000004c0 00000008H .CRT$XCZ                DATA
 0002:000004c8 00000008H .CRT$XIA                DATA
 0002:000004d0 00000008H .CRT$XIZ                DATA
 0002:000004d8 00000008H .CRT$XPA                DATA
 0002:000004e0 00000008H .CRT$XPZ                DATA
 0002:000004e8 00000008H .CRT$XTA                DATA
 0002:000004f0 00000010H .CRT$XTZ                DATA
 0002:000004f8 00000000H .gehcont$y              DATA
 0002:000004f8 00000000H .gfids$y                DATA
 0002:00000500 00000300H .rdata                  DATA
 0002:00000800 00000080H .rdata$CastGuardVftablesA DATA
 0002:00000880 00000080H .rdata$CastGuardVftablesC DATA
 0002:00000900 0000016cH .rdata$voltmd           DATA
 0002:00000a6c 0000027cH .rdata$zzzdbg           DATA
 0002:00000ce8 00000008H .rtc$IAA                DATA
 0002:00000cf0 00000008H .rtc$IZZ                DATA
 0002:00000cf8 00000008H .rtc$TAA                DATA
 0002:00000d00 00000008H .rtc$TZZ                DATA
 0002:00000d08 000009d8H .xdata                  DATA
 0002:000016e0 00000084H .edata                  DATA
 0002:00001764 00000140H .idata$2                DATA
 0002:000018a4 00000014H .idata$3                DATA
 0002:000018b8 00000480H .idata$4                DATA
 0002:00001d38 00000c46H .idata$6                DATA
 0003:00000000 00004800H .data                   DATA
 0003:00004800 00000c20H .bss                    DATA
 0004:00000000 00000bf4H .pdata                  DATA

  Address         Publics by Value              Rva+Base               Lib:Object

 0000:00000000       __AbsoluteZero             0000000000000000     <absolute>
 0000:00000000       ___safe_se_handler_count   0000000000000000     <absolute>
 0000:00000000       ___safe_se_handler_table   0000000000000000     <absolute>
 0000:00000000       __arm64x_extra_rfe_table   0000000000000000     <absolute>
 0000:00000000       __arm64x_extra_rfe_table_size 0000000000000000     <absolute>
 0000:00000000       __arm64x_native_entrypoint 0000000000000000     <absolute>
 0000:00000000       __arm64x_redirection_metadata 0000000000000000     <absolute>
 0000:00000000       __arm64x_redirection_metadata_count 0000000000000000     <absolute>
 0000:00000000       __dynamic_value_reloc_table 0000000000000000     <absolute>
 0000:00000000       __enclave_config           0000000000000000     <absolute>
 0000:00000000       __guard_check_icall_a64n_fptr 0000000000000000     <absolute>
 0000:00000000       __guard_eh_cont_count      0000000000000000     <absolute>
 0000:00000000       __guard_eh_cont_table      0000000000000000     <absolute>
 0000:00000000       __guard_fids_count         0000000000000000     <absolute>
 0000:00000000       __guard_fids_table         0000000000000000     <absolute>
 0000:00000000       __guard_iat_count          0000000000000000     <absolute>
 0000:00000000       __guard_iat_table          0000000000000000     <absolute>
 0000:00000000       __guard_longjmp_count      0000000000000000     <absolute>
 0000:00000000       __guard_longjmp_table      0000000000000000     <absolute>
 0000:00000000       __hybrid_auxiliary_iat     0000000000000000     <absolute>
 0000:00000000       __hybrid_auxiliary_iat_copy 0000000000000000     <absolute>
 0000:00000000       __hybrid_code_map          0000000000000000     <absolute>
 0000:00000000       __hybrid_code_map_count    0000000000000000     <absolute>
 0000:00000000       __x64_code_ranges_to_entry_points 0000000000000000     <absolute>
 0000:00000000       __x64_code_ranges_to_entry_points_count 0000000000000000     <absolute>
 0000:00000100       __guard_flags              0000000000000100     <absolute>
 0000:00000000       __ImageBase                0000000180000000     <linker-defined>
 0001:00000000       flightControlSystem_initializer 0000000180001000 f   flightControlSystem_sfun.obj
 0001:00000010       flightControlSystem_terminator 0000000180001010 f   flightControlSystem_sfun.obj
 0001:00000020       load_flightControlSystem_optimization_info 0000000180001020 f   flightControlSystem_sfun.obj
 0001:000000d0       unload_flightControlSystem_optimization_info 00000001800010d0 f   flightControlSystem_sfun.obj
 0001:00000100       sf_flightControlSystem_method_dispatcher 0000000180001100 f   flightControlSystem_sfun.obj
 0001:00000150       sf_flightControlSystem_process_check_sum_call 0000000180001150 f   flightControlSystem_sfun.obj
 0001:00000640       sf_flightControlSystem_get_eml_resolved_functions_info 0000000180001640 f   flightControlSystem_sfun.obj
 0001:00000820       sf_flightControlSystem_third_party_uses_info 0000000180001820 f   flightControlSystem_sfun.obj
 0001:000009f0       sf_flightControlSystem_jit_fallback_info 00000001800019f0 f   flightControlSystem_sfun.obj
 0001:00000bc0       sf_flightControlSystem_get_post_codegen_info 0000000180001bc0 f   flightControlSystem_sfun.obj
 0001:00000da0       sf_flightControlSystem_updateBuildInfo_args_info 0000000180001da0 f   flightControlSystem_sfun.obj
 0001:00000f70       flightControlSystem_register_exported_symbols 0000000180001f70 f   flightControlSystem_sfun.obj
 0001:00000f80       sf_c11_flightControlSystem_get_eml_resolved_functions_info 0000000180001f80 f   c11_flightControlSystem.obj
 0001:00001000       sf_c11_flightControlSystem_get_check_sum 0000000180002000 f   c11_flightControlSystem.obj
 0001:000010d0       c11_flightControlSystem_method_dispatcher 00000001800020d0 f   c11_flightControlSystem.obj
 0001:00004650       sf_c11_flightControlSystem_third_party_uses_info 0000000180005650 f   c11_flightControlSystem.obj
 0001:000046d0       sf_c11_flightControlSystem_jit_fallback_info 00000001800056d0 f   c11_flightControlSystem.obj
 0001:00004860       sf_c11_flightControlSystem_updateBuildInfo_args_info 0000000180005860 f   c11_flightControlSystem.obj
 0001:00004c00       sf_c11_flightControlSystem_get_post_codegen_info 0000000180005c00 f   c11_flightControlSystem.obj
 0001:00005120       mexFunction                0000000180006120 f   flightControlSystem_sfun_registry.obj
 0001:000079f0       _ssSetInputPortDirectFeedThroughFcn 00000001800089f0 f   flightControlSystem_sfun_registry.obj
 0001:00007b60       _ssSetRWorkValueFcn        0000000180008b60 f   flightControlSystem_sfun_registry.obj
 0001:00007be0       _ssGetRWorkValueFcn        0000000180008be0 f   flightControlSystem_sfun_registry.obj
 0001:00007c50       _ssSetIWorkValueFcn        0000000180008c50 f   flightControlSystem_sfun_registry.obj
 0001:00007cd0       _ssGetIWorkValueFcn        0000000180008cd0 f   flightControlSystem_sfun_registry.obj
 0001:00007d40       _ssSetPWorkValueFcn        0000000180008d40 f   flightControlSystem_sfun_registry.obj
 0001:00007dc0       _ssGetPWorkValueFcn        0000000180008dc0 f   flightControlSystem_sfun_registry.obj
 0001:00007e30       _ssGetInputPortSignalFcn   0000000180008e30 f   flightControlSystem_sfun_registry.obj
 0001:000081c0       _ssGetInputPortBufferDstPortFcn 00000001800091c0 f   flightControlSystem_sfun_registry.obj
 0001:00008240       _ssGetInputPortSignalPtrsFcn 0000000180009240 f   flightControlSystem_sfun_registry.obj
 0001:000085d0       ssGetParameterTuningCompliance 00000001800095d0 f   flightControlSystem_sfun_registry.obj
 0001:00008640       _ssReadInputStringFcn      0000000180009640 f   flightControlSystem_sfun_registry.obj
 0001:000086b0       ssGetDTypeIdFromMxArray    00000001800096b0 f   flightControlSystem_sfun_registry.obj
 0001:000087d0       ssWriteRTWMx2dMatParam     00000001800097d0 f   flightControlSystem_sfun_registry.obj
 0001:00008860       ssWriteRTWMxVectParam      0000000180009860 f   flightControlSystem_sfun_registry.obj
 0001:000088e0       ssWriteRTWParameters       00000001800098e0 f   flightControlSystem_sfun_registry.obj
 0001:00008ea0       ssWriteRTWParamSettings    0000000180009ea0 f   flightControlSystem_sfun_registry.obj
 0001:00009590       ssWriteRTWStr              000000018000a590 f   flightControlSystem_sfun_registry.obj
 0001:000095f0       ssWriteRTWWorkVect         000000018000a5f0 f   flightControlSystem_sfun_registry.obj
 0001:00009b50       ssWarning                  000000018000ab50 f   flightControlSystem_sfun_registry.obj
 0001:00009c40       ssWriteRTWNameValuePair    000000018000ac40 f   flightControlSystem_sfun_registry.obj
 0001:0000a140       _ssSetInputPortMatrixDimensions 000000018000b140 f   flightControlSystem_sfun_registry.obj
 0001:0000a290       _ssSetOutputPortMatrixDimensions 000000018000b290 f   flightControlSystem_sfun_registry.obj
 0001:0000a3e0       _ssSetInputPortVectorDimension 000000018000b3e0 f   flightControlSystem_sfun_registry.obj
 0001:0000a490       _ssSetOutputPortVectorDimension 000000018000b490 f   flightControlSystem_sfun_registry.obj
 0001:0000a540       ssIsRunTimeParamTunable    000000018000b540 f   flightControlSystem_sfun_registry.obj
 0001:0000a5b0       ssGetSFuncBlockHandle      000000018000b5b0 f   flightControlSystem_sfun_registry.obj
 0001:0000a620       _ssGetCallSystemNumFcnCallDestinations 000000018000b620 f   flightControlSystem_sfun_registry.obj
 0001:0000a690       _ssGetCurrentInputPortWidth 000000018000b690 f   flightControlSystem_sfun_registry.obj
 0001:0000a7d0       _ssGetCurrentOutputPortWidth 000000018000b7d0 f   flightControlSystem_sfun_registry.obj
 0001:0000a910       ssGetIsZeroCrossControlDisabled 000000018000b910 f   flightControlSystem_sfun_registry.obj
 0001:0000a980       ssSetIsInputPortUsedForContZcSignal 000000018000b980 f   flightControlSystem_sfun_registry.obj
 0001:0000a9f0       ssSetZcSignalIsZcElementDisc 000000018000b9f0 f   flightControlSystem_sfun_registry.obj
 0001:0000aaa0       ssSetZcSignalName          000000018000baa0 f   flightControlSystem_sfun_registry.obj
 0001:0000ab10       ssSetZcSignalWidth         000000018000bb10 f   flightControlSystem_sfun_registry.obj
 0001:0000ab80       ssSetZcSignalZcEventType   000000018000bb80 f   flightControlSystem_sfun_registry.obj
 0001:0000abf0       ssSetZcSignalType          000000018000bbf0 f   flightControlSystem_sfun_registry.obj
 0001:0000ac60       ssSetZcSignalZcTol         000000018000bc60 f   flightControlSystem_sfun_registry.obj
 0001:0000acd0       ssSetZcSignalNeedsEventNotification 000000018000bcd0 f   flightControlSystem_sfun_registry.obj
 0001:0000ad40       ssCreateAndAddZcSignalInfo 000000018000bd40 f   flightControlSystem_sfun_registry.obj
 0001:0000adb0       ssCloneAndAddZcSignalInfo  000000018000bdb0 f   flightControlSystem_sfun_registry.obj
 0001:0000ae20       ssGetNumZcSignals          000000018000be20 f   flightControlSystem_sfun_registry.obj
 0001:0000ae90       ssGetZcSignalVector        000000018000be90 f   flightControlSystem_sfun_registry.obj
 0001:0000af00       ssGetZcSignalName          000000018000bf00 f   flightControlSystem_sfun_registry.obj
 0001:0000af70       ssGetZcSignalWidth         000000018000bf70 f   flightControlSystem_sfun_registry.obj
 0001:0000afe0       ssGetZcSignalZcEventType   000000018000bfe0 f   flightControlSystem_sfun_registry.obj
 0001:0000b050       ssGetZcSignalZcEvents      000000018000c050 f   flightControlSystem_sfun_registry.obj
 0001:0000b0c0       ssGetZcSignalType          000000018000c0c0 f   flightControlSystem_sfun_registry.obj
 0001:0000b130       ssGetZcSignalZcTol         000000018000c130 f   flightControlSystem_sfun_registry.obj
 0001:0000b1b0       ssGetZcSignalNeedsEventNotification 000000018000c1b0 f   flightControlSystem_sfun_registry.obj
 0001:0000b220       ssGetZcSignalIsZcElementDisc 000000018000c220 f   flightControlSystem_sfun_registry.obj
 0001:0000b2c0       ssGetIsInputPortElementContinuous 000000018000c2c0 f   flightControlSystem_sfun_registry.obj
 0001:0000b360       _ssGetAbsTol               000000018000c360 f   flightControlSystem_sfun_registry.obj
 0001:0000b3d0       _ssSetStateAbsTol          000000018000c3d0 f   flightControlSystem_sfun_registry.obj
 0001:0000b4b0       _ssSetInputPortReusableFcn 000000018000c4b0 f   flightControlSystem_sfun_registry.obj
 0001:0000b5b0       _ssSetOutputPortReusableFcn 000000018000c5b0 f   flightControlSystem_sfun_registry.obj
 0001:0000b6b0       _ssSetSymbolicDimsSupport  000000018000c6b0 f   flightControlSystem_sfun_registry.obj
 0001:0000b720       _ssRegisterSymbolicDimsExpr 000000018000c720 f   flightControlSystem_sfun_registry.obj
 0001:0000b7a0       _ssRegisterSymbolicDimsMATLABExpr 000000018000c7a0 f   flightControlSystem_sfun_registry.obj
 0001:0000b840       _ssRegisterSymbolicDims    000000018000c840 f   flightControlSystem_sfun_registry.obj
 0001:0000b8e0       _ssRegisterSymbolicDimsString 000000018000c8e0 f   flightControlSystem_sfun_registry.obj
 0001:0000b960       _ssRegisterSymbolicDimsIntValue 000000018000c960 f   flightControlSystem_sfun_registry.obj
 0001:0000b9d0       _ssRegisterSymbolicEqualRelation 000000018000c9d0 f   flightControlSystem_sfun_registry.obj
 0001:0000ba40       _ssRegisterSymbolicEqualValue 000000018000ca40 f   flightControlSystem_sfun_registry.obj
 0001:0000bab0       _ssAmendLeadingSymbolicDims 000000018000cab0 f   flightControlSystem_sfun_registry.obj
 0001:0000bb30       _ssAmendTrailingSymbolicDims 000000018000cb30 f   flightControlSystem_sfun_registry.obj
 0001:0000bbb0       _ssRegisterSymbolicDimsPlus 000000018000cbb0 f   flightControlSystem_sfun_registry.obj
 0001:0000bc30       _ssRegisterSymbolicDimsMinus 000000018000cc30 f   flightControlSystem_sfun_registry.obj
 0001:0000bcb0       _ssRegisterSymbolicDimsMultiply 000000018000ccb0 f   flightControlSystem_sfun_registry.obj
 0001:0000bd30       _ssRegisterSymbolicDimsDivide 000000018000cd30 f   flightControlSystem_sfun_registry.obj
 0001:0000bdb0       _ssGetNumSymbolicDims      000000018000cdb0 f   flightControlSystem_sfun_registry.obj
 0001:0000be20       _ssGetSymbolicDim          000000018000ce20 f   flightControlSystem_sfun_registry.obj
 0001:0000bea0       _ssSetInputPortSymbolicDimsId 000000018000cea0 f   flightControlSystem_sfun_registry.obj
 0001:0000bf10       _ssGetCompInputPortSymbolicDimsId 000000018000cf10 f   flightControlSystem_sfun_registry.obj
 0001:0000bf80       _ssSetCompInputPortSymbolicDimsId 000000018000cf80 f   flightControlSystem_sfun_registry.obj
 0001:0000bff0       _ssSetOutputPortSymbolicDimsId 000000018000cff0 f   flightControlSystem_sfun_registry.obj
 0001:0000c060       _ssGetCompOutputPortSymbolicDimsId 000000018000d060 f   flightControlSystem_sfun_registry.obj
 0001:0000c0d0       _ssSetCompOutputPortSymbolicDimsId 000000018000d0d0 f   flightControlSystem_sfun_registry.obj
 0001:0000c140       _ssGetDWorkSymbolicDimsId  000000018000d140 f   flightControlSystem_sfun_registry.obj
 0001:0000c1b0       _ssSetDWorkSymbolicDimsId  000000018000d1b0 f   flightControlSystem_sfun_registry.obj
 0001:0000c220       _ssGetCompDWorkSymbolicDimsId 000000018000d220 f   flightControlSystem_sfun_registry.obj
 0001:0000c290       _ssSetCompDWorkSymbolicDimsId 000000018000d290 f   flightControlSystem_sfun_registry.obj
 0001:0000c300       _ssCreateSLCGStringBuffer  000000018000d300 f   flightControlSystem_sfun_registry.obj
 0001:0000c370       _ssAddToSLCGStringBuffer   000000018000d370 f   flightControlSystem_sfun_registry.obj
 0001:0000c3e0       _ssGetPointerContainedData 000000018000d3e0 f   flightControlSystem_sfun_registry.obj
 0001:0000c470       _ssGetPointerContainedDataWidth 000000018000d470 f   flightControlSystem_sfun_registry.obj
 0001:0000c500       _ssRegisterDynamicArrayDataTypeFcn 000000018000d500 f   flightControlSystem_sfun_registry.obj
 0001:0000c5a0       _ssGetDynamicArrayContainedDataCurrentWidthFcn 000000018000d5a0 f   flightControlSystem_sfun_registry.obj
 0001:0000c670       _ssGetDynamicArrayContainedDataFcn 000000018000d670 f   flightControlSystem_sfun_registry.obj
 0001:0000c740       _ssGetInputPortDynamicArrayDataFcn 000000018000d740 f   flightControlSystem_sfun_registry.obj
 0001:0000c800       _ssGetOutputPortDynamicArrayDataFcn 000000018000d800 f   flightControlSystem_sfun_registry.obj
 0001:0000c8c0       _ssGetInputPortDynamicArrayContainedDataFcn 000000018000d8c0 f   flightControlSystem_sfun_registry.obj
 0001:0000c980       _ssGetOutputPortDynamicArrayContainedDataFcn 000000018000d980 f   flightControlSystem_sfun_registry.obj
 0001:0000ca40       sf_process_check_sum_call  000000018000da40 f   flightControlSystem_sfun_registry.obj
 0001:0000ca90       sf_process_get_third_party_uses_info_call 000000018000da90 f   flightControlSystem_sfun_registry.obj
 0001:0000ccc0       sf_process_get_jit_fallback_info_call 000000018000dcc0 f   flightControlSystem_sfun_registry.obj
 0001:0000cef0       sf_process_get_post_codegen_info_call 000000018000def0 f   flightControlSystem_sfun_registry.obj
 0001:0000d120       sf_process_get_updateBuildInfo_args_info_call 000000018000e120 f   flightControlSystem_sfun_registry.obj
 0001:0000d350       sf_process_get_eml_resolved_functions_info_call 000000018000e350 f   flightControlSystem_sfun_registry.obj
 0001:0000d580       sf_mex_unlock_call         000000018000e580 f   flightControlSystem_sfun_registry.obj
 0001:0000d7a0       sf_machine_global_initializer_called 000000018000e7a0 f   flightControlSystem_sfun_registry.obj
 0001:0000d7d0       sf_machine_global_method_dispatcher 000000018000e7d0 f   flightControlSystem_sfun_registry.obj
 0001:0000d830       sf_machine_global_terminator 000000018000e830 f   flightControlSystem_sfun_registry.obj
 0001:0000d860       sf_register_machine_exported_symbols 000000018000e860 f   flightControlSystem_sfun_registry.obj
 0001:0000d880       callCustomFcn              000000018000e880 f   flightControlSystem_sfun_registry.obj
 0001:0000d890       sf_machine_global_initializer 000000018000e890 f   flightControlSystem_sfun_registry.obj
 0001:0000d900       mdlGetSimState             000000018000e900 f   flightControlSystem_sfun_registry.obj
 0001:0000d940       mdlSetSimState             000000018000e940 f   flightControlSystem_sfun_registry.obj
 0001:0000e2b0       ProcessMexSfunctionEveryCall 000000018000f2b0 f   flightControlSystem_sfun_registry.obj
 0001:0000f430       __local_stdio_printf_options 0000000180010430 f i flightControlSystem_sfun_registry.obj
 0001:0000f440       _vsnprintf_l               0000000180010440 f i flightControlSystem_sfun_registry.obj
 0001:0000f4c0       _vsprintf_l                00000001800104c0 f i flightControlSystem_sfun_registry.obj
 0001:0000f510       sprintf                    0000000180010510 f i flightControlSystem_sfun_registry.obj
 0001:0000f560       mexfilerequiredapiversion  0000000180010560 f   c_mexapi_version.obj
 0001:0000f590       getBitfieldFromFloat       0000000180010590 f   half_type.obj
 0001:0000f5c0       getFloatFromBitfield       00000001800105c0 f   half_type.obj
 0001:0000f5f0       getBitfieldFromHalf        00000001800105f0 f   half_type.obj
 0001:0000f610       getHalfFromBitfield        0000000180010610 f   half_type.obj
 0001:0000f640       halfToFloat                0000000180010640 f   half_type.obj
 0001:0000f6f0       halfToDouble               00000001800106f0 f   half_type.obj
 0001:0000f720       floatToHalf                0000000180010720 f   half_type.obj
 0001:0000f980       doubleToHalf               0000000180010980 f   half_type.obj
 0001:0000fc6c       ippfilter_real64           0000000180010c6c f   libmwippfilter:libmwippfilter.dll
 0001:0000fc72       getnumcores                0000000180010c72 f   libmwgetnumcores:libmwgetnumcores.dll
 0001:0000fc78       imfilter_real64            0000000180010c78 f   libmwimfilter:libmwimfilter.dll
 0001:0000fc7e       sf_load_rtw_optimization_info 0000000180010c7e f   sf_runtime:sf_runtime.dll
 0001:0000fc84       sf_mex_decode              0000000180010c84 f   sf_runtime:sf_runtime.dll
 0001:0000fc8a       sf_init_ChartRunTimeInfo   0000000180010c8a f   sf_runtime:sf_runtime.dll
 0001:0000fc90       sf_free_ChartRunTimeInfo   0000000180010c90 f   sf_runtime:sf_runtime.dll
 0001:0000fc96       sfrtGetEmlrtCtx            0000000180010c96 f   sf_runtime:sf_runtime.dll
 0001:0000fc9c       sfrtGetCovrtInstance       0000000180010c9c f   sf_runtime:sf_runtime.dll
 0001:0000fca2       sf_get_chart_instance_ptr  0000000180010ca2 f   sf_runtime:sf_runtime.dll
 0001:0000fca8       sim_mode_is_rtw_gen        0000000180010ca8 f   sf_runtime:sf_runtime.dll
 0001:0000fcae       sim_mode_is_external       0000000180010cae f   sf_runtime:sf_runtime.dll
 0001:0000fcb4       sf_clear_rtw_identifier    0000000180010cb4 f   sf_runtime:sf_runtime.dll
 0001:0000fcba       sf_get_time                0000000180010cba f   sf_runtime:sf_runtime.dll
 0001:0000fcc0       sfDoAnimationWrapper       0000000180010cc0 f   sf_runtime:sf_runtime.dll
 0001:0000fcc6       setDataBrowseFcn           0000000180010cc6 f   sf_runtime:sf_runtime.dll
 0001:0000fccc       setDebuggerFlag            0000000180010ccc f   sf_runtime:sf_runtime.dll
 0001:0000fcd2       sf_warn_if_symbolic_dimension_param_changed 0000000180010cd2 f   sf_runtime:sf_runtime.dll
 0001:0000fcd8       sf_set_work_widths         0000000180010cd8 f   sf_runtime:sf_runtime.dll
 0001:0000fcde       sfListenerCacheSimStruct   0000000180010cde f   sf_runtime:sf_runtime.dll
 0001:0000fce4       sfListenerLightTerminate   0000000180010ce4 f   sf_runtime:sf_runtime.dll
 0001:0000fcea       sfListenerInitializeRuntimeVars 0000000180010cea f   sf_runtime:sf_runtime.dll
 0001:0000fcf0       sf_mex_call                0000000180010cf0 f   sf_runtime:sf_runtime.dll
 0001:0000fcf6       sf_mex_error_message       0000000180010cf6 f   sf_runtime:sf_runtime.dll
 0001:0000fcfc       sf_mex_create              0000000180010cfc f   sf_runtime:sf_runtime.dll
 0001:0000fd02       sf_mex_createcellmatrix    0000000180010d02 f   sf_runtime:sf_runtime.dll
 0001:0000fd08       sf_mex_setcell             0000000180010d08 f   sf_runtime:sf_runtime.dll
 0001:0000fd0e       sf_mex_getcell             0000000180010d0e f   sf_runtime:sf_runtime.dll
 0001:0000fd14       sf_mex_assign              0000000180010d14 f   sf_runtime:sf_runtime.dll
 0001:0000fd1a       sf_mex_dup                 0000000180010d1a f   sf_runtime:sf_runtime.dll
 0001:0000fd20       sf_mex_destroy             0000000180010d20 f   sf_runtime:sf_runtime.dll
 0001:0000fd26       sf_mex_import              0000000180010d26 f   sf_runtime:sf_runtime.dll
 0001:0000fd2c       ssGetInputPortSignal_wrapper 0000000180010d2c f   sf_runtime:sf_runtime.dll
 0001:0000fd32       ssGetOutputPortSignal_wrapper 0000000180010d32 f   sf_runtime:sf_runtime.dll
 0001:0000fd38       sf_get_ChartInfoStruct_CodeGen 0000000180010d38 f   sf_runtime:sf_runtime.dll
 0001:0000fd3e       sf_get_hasSeparateUpdateOutputs 0000000180010d3e f   sf_runtime:sf_runtime.dll
 0001:0000fd44       callMdlMethodAndReportError 0000000180010d44 f   sf_runtime:sf_runtime.dll
 0001:0000fd4a       call_sf_machine_global_method_dispatcher 0000000180010d4a f   sf_runtime:sf_runtime.dll
 0001:0000fd50       getRuntimeInstanceInfoAsVoid 0000000180010d50 f   sf_runtime:sf_runtime.dll
 0001:0000fd56       sf_mex_error_direct_call   0000000180010d56 f   sf_runtime:sf_runtime.dll
 0001:0000fd5c       sf_clear_error_manager_info 0000000180010d5c f   sf_runtime:sf_runtime.dll
 0001:0000fd62       mxIsChar_800               0000000180010d62 f   libmx:libmx.dll
 0001:0000fd68       mxGetScalar_800            0000000180010d68 f   libmx:libmx.dll
 0001:0000fd6e       mxGetPr_800                0000000180010d6e f   libmx:libmx.dll
 0001:0000fd74       mxDestroyArray_800         0000000180010d74 f   libmx:libmx.dll
 0001:0000fd7a       mxCreateDoubleMatrix_800   0000000180010d7a f   libmx:libmx.dll
 0001:0000fd80       mxGetString_800            0000000180010d80 f   libmx:libmx.dll
 0001:0000fd86       mxDuplicateArray_800       0000000180010d86 f   libmx:libmx.dll
 0001:0000fd8c       mxSetCell_800              0000000180010d8c f   libmx:libmx.dll
 0001:0000fd92       mxSetField_800             0000000180010d92 f   libmx:libmx.dll
 0001:0000fd98       mxCreateString_800         0000000180010d98 f   libmx:libmx.dll
 0001:0000fd9e       mxCreateCellMatrix_800     0000000180010d9e f   libmx:libmx.dll
 0001:0000fda4       mxCreateStructMatrix_800   0000000180010da4 f   libmx:libmx.dll
 0001:0000fdaa       mxCalloc_800               0000000180010daa f   libmx:libmx.dll
 0001:0000fdb0       mxGetM_800                 0000000180010db0 f   libmx:libmx.dll
 0001:0000fdb6       mxGetClassID_800           0000000180010db6 f   libmx:libmx.dll
 0001:0000fdbc       mxIsNumeric_800            0000000180010dbc f   libmx:libmx.dll
 0001:0000fdc2       mxIsComplex_800            0000000180010dc2 f   libmx:libmx.dll
 0001:0000fdc8       mxGetN_800                 0000000180010dc8 f   libmx:libmx.dll
 0001:0000fdce       mxCreateDoubleScalar_800   0000000180010dce f   libmx:libmx.dll
 0001:0000fdd4       mexMakeArrayPersistent_800 0000000180010dd4 f   libmex:libmex.dll
 0001:0000fdda       mexErrMsgTxt_800           0000000180010dda f   libmex:libmex.dll
 0001:0000fde0       mexWarnMsgTxt_800          0000000180010de0 f   libmex:libmex.dll
 0001:0000fde6       mexCallMATLAB_800          0000000180010de6 f   libmex:libmex.dll
 0001:0000fdec       mexLock_800                0000000180010dec f   libmex:libmex.dll
 0001:0000fdf2       mexUnlock_800              0000000180010df2 f   libmex:libmex.dll
 0001:0000fdf8       mexIsLocked_800            0000000180010df8 f   libmex:libmex.dll
 0001:0000fdfe       utMalloc                   0000000180010dfe f   libut:libut.dll
 0001:0000fe04       utFree                     0000000180010e04 f   libut:libut.dll
 0001:0000fe0a       muDoubleScalarFloor        0000000180010e0a f   libmwmathutil:libmwmathutil.dll
 0001:0000fe10       muDoubleScalarHypot        0000000180010e10 f   libmwmathutil:libmwmathutil.dll
 0001:0000fe16       muDoubleScalarIsNaN        0000000180010e16 f   libmwmathutil:libmwmathutil.dll
 0001:0000fe1c       muDoubleScalarIsInf        0000000180010e1c f   libmwmathutil:libmwmathutil.dll
 0001:0000fe22       emlrtLicenseCheckR2022a    0000000180010e22 f   libemlrt:libemlrt.dll
 0001:0000fe28       emlrtDynamicBoundsCheckR2012b 0000000180010e28 f   libemlrt:libemlrt.dll
 0001:0000fe2e       emlrtIntegerCheckR2012b    0000000180010e2e f   libemlrt:libemlrt.dll
 0001:0000fe34       covrtCreateStateflowInstanceData 0000000180010e34 f   libcovrt:libcovrt.dll
 0001:0000fe3a       covrtDeleteStateflowInstanceData 0000000180010e3a f   libcovrt:libcovrt.dll
 0001:0000fe40       covrtTransInitFcn          0000000180010e40 f   libcovrt:libcovrt.dll
 0001:0000fe46       covrtStateInitFcn          0000000180010e46 f   libcovrt:libcovrt.dll
 0001:0000fe4c       covrtChartInitFcn          0000000180010e4c f   libcovrt:libcovrt.dll
 0001:0000fe52       covrtSaturationUpdateFcn   0000000180010e52 f   libcovrt:libcovrt.dll
 0001:0000fe58       covrtSigUpdateFcn          0000000180010e58 f   libcovrt:libcovrt.dll
 0001:0000fe5e       covrtEmlInitFcn            0000000180010e5e f   libcovrt:libcovrt.dll
 0001:0000fe64       covrtEmlFcnInitFcn         0000000180010e64 f   libcovrt:libcovrt.dll
 0001:0000fe6a       covrtEmlSaturationInitFcn  0000000180010e6a f   libcovrt:libcovrt.dll
 0001:0000fe70       covrtEmlFcnEval            0000000180010e70 f   libcovrt:libcovrt.dll
 0001:0000fe78       __raise_securityfailure    0000000180010e78 f   MSVCRT:gs_report.obj
 0001:0000feac       __report_gsfailure         0000000180010eac f   MSVCRT:gs_report.obj
 0001:0000ff80       __report_rangecheckfailure 0000000180010f80 f   MSVCRT:gs_report.obj
 0001:0000ff94       __report_securityfailure   0000000180010f94 f   MSVCRT:gs_report.obj
 0001:00010030       __report_securityfailureEx 0000000180011030 f   MSVCRT:gs_report.obj
 0001:00010224       __GSHandlerCheck           0000000180011224 f   MSVCRT:gshandler.obj
 0001:00010244       __GSHandlerCheckCommon     0000000180011244 f   MSVCRT:gshandler.obj
 0001:000102b0       __security_check_cookie    00000001800112b0 f   MSVCRT:amdsecgs.obj
 0001:0001060c       _CRT_INIT                  000000018001160c f   MSVCRT:dll_dllmain.obj
 0001:00010614       _DllMainCRTStartup         0000000180011614 f   MSVCRT:dll_dllmain.obj
 0001:000106c0       __security_init_cookie     00000001800116c0 f   MSVCRT:gs_support.obj
 0001:0001076c       DllMain                    000000018001176c f   MSVCRT:dll_dllmain_stub.obj
 0001:00010790       ?__scrt_initialize_type_info@@YAXXZ 0000000180011790 f   MSVCRT:tncleanup.obj
 0001:000107a0       ?__scrt_uninitialize_type_info@@YAXXZ 00000001800117a0 f   MSVCRT:tncleanup.obj
 0001:000107ac       __local_stdio_scanf_options 00000001800117ac f i MSVCRT:default_local_stdio_options.obj
 0001:000107b4       __scrt_initialize_default_local_stdio_options 00000001800117b4 f   MSVCRT:default_local_stdio_options.obj
 0001:000107d0       ?configure_argv@__scrt_narrow_argv_policy@@SAHXZ 00000001800117d0 f i MSVCRT:utility.obj
 0001:00010830       ?initialize_environment@__scrt_narrow_environment_policy@@SAHXZ 0000000180011830 f i MSVCRT:utility.obj
 0001:00010868       NtCurrentTeb               0000000180011868 f i MSVCRT:utility.obj
 0001:00010874       __scrt_acquire_startup_lock 0000000180011874 f   MSVCRT:utility.obj
 0001:000108b0       __scrt_dllmain_after_initialize_c 00000001800118b0 f   MSVCRT:utility.obj
 0001:000108e4       __scrt_dllmain_before_initialize_c 00000001800118e4 f   MSVCRT:utility.obj
 0001:000108fc       __scrt_dllmain_crt_thread_attach 00000001800118fc f   MSVCRT:utility.obj
 0001:00010924       __scrt_dllmain_crt_thread_detach 0000000180011924 f   MSVCRT:utility.obj
 0001:0001093c       __scrt_dllmain_exception_filter 000000018001193c f   MSVCRT:utility.obj
 0001:0001099c       __scrt_dllmain_uninitialize_c 000000018001199c f   MSVCRT:utility.obj
 0001:000109cc       __scrt_dllmain_uninitialize_critical 00000001800119cc f   MSVCRT:utility.obj
 0001:000109e0       __scrt_initialize_crt      00000001800119e0 f   MSVCRT:utility.obj
 0001:00010a2c       __scrt_initialize_onexit_tables 0000000180011a2c f   MSVCRT:utility.obj
 0001:00010ab8       __scrt_is_nonwritable_in_current_image 0000000180011ab8 f   MSVCRT:utility.obj
 0001:00010b50       __scrt_release_startup_lock 0000000180011b50 f   MSVCRT:utility.obj
 0001:00010b74       __scrt_uninitialize_crt    0000000180011b74 f   MSVCRT:utility.obj
 0001:00010ba0       _onexit                    0000000180011ba0 f   MSVCRT:utility.obj
 0001:00010bdc       at_quick_exit              0000000180011bdc f   MSVCRT:utility.obj
 0001:00010bfc       atexit                     0000000180011bfc f   MSVCRT:utility.obj
 0001:00010c14       __scrt_get_dyn_tls_init_callback 0000000180011c14 f   MSVCRT:dyn_tls_init.obj
 0001:00010c1c       __crt_debugger_hook        0000000180011c1c f   MSVCRT:utility_desktop.obj
 0001:00010c24       __scrt_fastfail            0000000180011c24 f   MSVCRT:utility_desktop.obj
 0001:00010d70       __scrt_get_show_window_mode 0000000180011d70 f   MSVCRT:utility_desktop.obj
 0001:00010dac       __scrt_initialize_mta      0000000180011dac f   MSVCRT:utility_desktop.obj
 0001:00010db4       __scrt_initialize_winrt    0000000180011db4 f   MSVCRT:utility_desktop.obj
 0001:00010db8       __scrt_is_managed_app      0000000180011db8 f   MSVCRT:utility_desktop.obj
 0001:00010e0c       __scrt_set_unhandled_exception_filter 0000000180011e0c f   MSVCRT:utility_desktop.obj
 0001:00010e1c       __scrt_exe_initialize_mta  0000000180011e1c f   MSVCRT:utility_desktop.obj
 0001:00010e1c       __scrt_stub_for_initialize_mta 0000000180011e1c f   MSVCRT:utility_desktop.obj
 0001:00010e20       __scrt_unhandled_exception_filter 0000000180011e20 f   MSVCRT:utility_desktop.obj
 0001:00010e7c       _RTC_Initialize            0000000180011e7c f   MSVCRT:initsect.obj
 0001:00010eb8       _RTC_Terminate             0000000180011eb8 f   MSVCRT:initsect.obj
 0001:00010ef4       _guard_check_icall_nop     0000000180011ef4 f i MSVCRT:guard_support.obj
 0001:00010ef8       ReadNoFence64              0000000180011ef8 f i MSVCRT:guard_support.obj
 0001:00010efc       ReadPointerNoFence         0000000180011efc f i MSVCRT:guard_support.obj
 0001:00010f00       __castguard_check_failure_debugbreak 0000000180011f00 f i MSVCRT:guard_support.obj
 0001:00010f1c       __castguard_check_failure_fastfail 0000000180011f1c f i MSVCRT:guard_support.obj
 0001:00010f40       __castguard_check_failure_nop 0000000180011f40 f i MSVCRT:guard_support.obj
 0001:00010f44       __castguard_check_failure_os_handled 0000000180011f44 f i MSVCRT:guard_support.obj
 0001:00010fc0       __castguard_slow_path_check_debugbreak 0000000180011fc0 f i MSVCRT:guard_support.obj
 0001:00010ff4       __castguard_slow_path_check_fastfail 0000000180011ff4 f i MSVCRT:guard_support.obj
 0001:00011030       __castguard_slow_path_check_nop 0000000180012030 f i MSVCRT:guard_support.obj
 0001:00011034       __castguard_slow_path_check_os_handled 0000000180012034 f i MSVCRT:guard_support.obj
 0001:000110a4       _guard_icall_checks_enforced 00000001800120a4 f i MSVCRT:guard_support.obj
 0001:000110bc       _guard_rf_checks_enforced  00000001800120bc f i MSVCRT:guard_support.obj
 0001:000110c0       __isa_available_init       00000001800120c0 f   MSVCRT:cpu_disp.obj
 0001:0001126c       _get_startup_argv_mode     000000018001226c f   MSVCRT:argv_mode.obj
 0001:00011274       __scrt_is_ucrt_dll_in_use  0000000180012274 f   MSVCRT:ucrt_detection.obj
 0001:00011280       RtlCaptureContext          0000000180012280 f   kernel32:KERNEL32.dll
 0001:00011286       RtlLookupFunctionEntry     0000000180012286 f   kernel32:KERNEL32.dll
 0001:0001128c       RtlVirtualUnwind           000000018001228c f   kernel32:KERNEL32.dll
 0001:00011292       UnhandledExceptionFilter   0000000180012292 f   kernel32:KERNEL32.dll
 0001:00011298       SetUnhandledExceptionFilter 0000000180012298 f   kernel32:KERNEL32.dll
 0001:0001129e       GetCurrentProcess          000000018001229e f   kernel32:KERNEL32.dll
 0001:000112a4       TerminateProcess           00000001800122a4 f   kernel32:KERNEL32.dll
 0001:000112aa       IsProcessorFeaturePresent  00000001800122aa f   kernel32:KERNEL32.dll
 0001:000112b0       QueryPerformanceCounter    00000001800122b0 f   kernel32:KERNEL32.dll
 0001:000112b6       GetCurrentProcessId        00000001800122b6 f   kernel32:KERNEL32.dll
 0001:000112bc       GetCurrentThreadId         00000001800122bc f   kernel32:KERNEL32.dll
 0001:000112c2       GetSystemTimeAsFileTime    00000001800122c2 f   kernel32:KERNEL32.dll
 0001:000112c8       DisableThreadLibraryCalls  00000001800122c8 f   kernel32:KERNEL32.dll
 0001:000112ce       InitializeSListHead        00000001800122ce f   kernel32:KERNEL32.dll
 0001:000112d4       IsDebuggerPresent          00000001800122d4 f   kernel32:KERNEL32.dll
 0001:000112da       GetStartupInfoW            00000001800122da f   kernel32:KERNEL32.dll
 0001:000112e0       GetModuleHandleW           00000001800122e0 f   kernel32:KERNEL32.dll
 0001:000112e6       memset                     00000001800122e6 f   vcruntime:VCRUNTIME140.dll
 0001:000112ec       memcpy                     00000001800122ec f   vcruntime:VCRUNTIME140.dll
 0001:000112f2       __C_specific_handler       00000001800122f2 f   vcruntime:VCRUNTIME140.dll
 0001:000112f8       __std_type_info_destroy_list 00000001800122f8 f   vcruntime:VCRUNTIME140.dll
 0001:000112fe       __current_exception        00000001800122fe f   vcruntime:VCRUNTIME140.dll
 0001:00011304       __current_exception_context 0000000180012304 f   vcruntime:VCRUNTIME140.dll
 0001:0001130a       strcmp                     000000018001230a f   ucrt:api-ms-win-crt-string-l1-1-0.dll
 0001:00011310       strcat                     0000000180012310 f   ucrt:api-ms-win-crt-string-l1-1-0.dll
 0001:00011316       __stdio_common_vsprintf    0000000180012316 f   ucrt:api-ms-win-crt-stdio-l1-1-0.dll
 0001:0001131c       free                       000000018001231c f   ucrt:api-ms-win-crt-heap-l1-1-0.dll
 0001:00011322       malloc                     0000000180012322 f   ucrt:api-ms-win-crt-heap-l1-1-0.dll
 0001:00011328       strlen                     0000000180012328 f   ucrt:api-ms-win-crt-string-l1-1-0.dll
 0001:0001132e       _initterm                  000000018001232e f   ucrt:api-ms-win-crt-runtime-l1-1-0.dll
 0001:00011334       _initterm_e                0000000180012334 f   ucrt:api-ms-win-crt-runtime-l1-1-0.dll
 0001:0001133a       _seh_filter_dll            000000018001233a f   ucrt:api-ms-win-crt-runtime-l1-1-0.dll
 0001:00011340       _configure_narrow_argv     0000000180012340 f   ucrt:api-ms-win-crt-runtime-l1-1-0.dll
 0001:00011346       _initialize_narrow_environment 0000000180012346 f   ucrt:api-ms-win-crt-runtime-l1-1-0.dll
 0001:0001134c       _initialize_onexit_table   000000018001234c f   ucrt:api-ms-win-crt-runtime-l1-1-0.dll
 0001:00011352       _register_onexit_function  0000000180012352 f   ucrt:api-ms-win-crt-runtime-l1-1-0.dll
 0001:00011358       _execute_onexit_table      0000000180012358 f   ucrt:api-ms-win-crt-runtime-l1-1-0.dll
 0001:0001135e       _crt_atexit                000000018001235e f   ucrt:api-ms-win-crt-runtime-l1-1-0.dll
 0001:00011364       _crt_at_quick_exit         0000000180012364 f   ucrt:api-ms-win-crt-runtime-l1-1-0.dll
 0001:0001136a       _cexit                     000000018001236a f   ucrt:api-ms-win-crt-runtime-l1-1-0.dll
 0001:00011370       terminate                  0000000180012370 f   ucrt:api-ms-win-crt-runtime-l1-1-0.dll
 0001:00011378       __acrt_initialize          0000000180012378 f   MSVCRT:ucrt_stubs.obj
 0001:00011378       __scrt_stub_for_acrt_initialize 0000000180012378 f   MSVCRT:ucrt_stubs.obj
 0001:00011378       __vcrt_initialize          0000000180012378 f   MSVCRT:ucrt_stubs.obj
 0001:0001137c       __acrt_thread_attach       000000018001237c f   MSVCRT:ucrt_stubs.obj
 0001:0001137c       __scrt_stub_for_acrt_thread_attach 000000018001237c f   MSVCRT:ucrt_stubs.obj
 0001:0001137c       __vcrt_thread_attach       000000018001237c f   MSVCRT:ucrt_stubs.obj
 0001:00011380       __acrt_thread_detach       0000000180012380 f   MSVCRT:ucrt_stubs.obj
 0001:00011380       __scrt_stub_for_acrt_thread_detach 0000000180012380 f   MSVCRT:ucrt_stubs.obj
 0001:00011380       __vcrt_thread_detach       0000000180012380 f   MSVCRT:ucrt_stubs.obj
 0001:00011384       __acrt_uninitialize        0000000180012384 f   MSVCRT:ucrt_stubs.obj
 0001:00011384       __scrt_stub_for_acrt_uninitialize 0000000180012384 f   MSVCRT:ucrt_stubs.obj
 0001:00011384       __vcrt_uninitialize        0000000180012384 f   MSVCRT:ucrt_stubs.obj
 0001:00011388       __acrt_uninitialize_critical 0000000180012388 f   MSVCRT:ucrt_stubs.obj
 0001:00011388       __scrt_stub_for_acrt_uninitialize_critical 0000000180012388 f   MSVCRT:ucrt_stubs.obj
 0001:00011388       __vcrt_uninitialize_critical 0000000180012388 f   MSVCRT:ucrt_stubs.obj
 0001:0001138c       __scrt_stub_for_is_c_termination_complete 000000018001238c f   MSVCRT:ucrt_stubs.obj
 0001:0001138c       _is_c_termination_complete 000000018001238c f   MSVCRT:ucrt_stubs.obj
 0001:000113a0       _guard_dispatch_icall_nop  00000001800123a0 f   MSVCRT:guard_dispatch.obj
 0001:000113c0       _guard_xfg_dispatch_icall_nop 00000001800123c0 f   MSVCRT:guard_xfg_dispatch.obj
 0002:00000000       __imp_GetSystemTimeAsFileTime 0000000180013000     kernel32:KERNEL32.dll
 0002:00000008       __imp_IsProcessorFeaturePresent 0000000180013008     kernel32:KERNEL32.dll
 0002:00000010       __imp_RtlCaptureContext    0000000180013010     kernel32:KERNEL32.dll
 0002:00000018       __imp_RtlLookupFunctionEntry 0000000180013018     kernel32:KERNEL32.dll
 0002:00000020       __imp_QueryPerformanceCounter 0000000180013020     kernel32:KERNEL32.dll
 0002:00000028       __imp_GetCurrentProcessId  0000000180013028     kernel32:KERNEL32.dll
 0002:00000030       __imp_GetCurrentThreadId   0000000180013030     kernel32:KERNEL32.dll
 0002:00000038       __imp_DisableThreadLibraryCalls 0000000180013038     kernel32:KERNEL32.dll
 0002:00000040       __imp_InitializeSListHead  0000000180013040     kernel32:KERNEL32.dll
 0002:00000048       __imp_IsDebuggerPresent    0000000180013048     kernel32:KERNEL32.dll
 0002:00000050       __imp_GetStartupInfoW      0000000180013050     kernel32:KERNEL32.dll
 0002:00000058       __imp_GetModuleHandleW     0000000180013058     kernel32:KERNEL32.dll
 0002:00000060       __imp_GetCurrentProcess    0000000180013060     kernel32:KERNEL32.dll
 0002:00000068       __imp_SetUnhandledExceptionFilter 0000000180013068     kernel32:KERNEL32.dll
 0002:00000070       __imp_UnhandledExceptionFilter 0000000180013070     kernel32:KERNEL32.dll
 0002:00000078       __imp_RtlVirtualUnwind     0000000180013078     kernel32:KERNEL32.dll
 0002:00000080       __imp_TerminateProcess     0000000180013080     kernel32:KERNEL32.dll
 0002:00000088       \177KERNEL32_NULL_THUNK_DATA 0000000180013088     kernel32:KERNEL32.dll
 0002:00000090       __imp_memset               0000000180013090     vcruntime:VCRUNTIME140.dll
 0002:00000098       __imp_memcpy               0000000180013098     vcruntime:VCRUNTIME140.dll
 0002:000000a0       __imp___C_specific_handler 00000001800130a0     vcruntime:VCRUNTIME140.dll
 0002:000000a8       __imp___std_type_info_destroy_list 00000001800130a8     vcruntime:VCRUNTIME140.dll
 0002:000000b0       __imp___current_exception  00000001800130b0     vcruntime:VCRUNTIME140.dll
 0002:000000b8       __imp___current_exception_context 00000001800130b8     vcruntime:VCRUNTIME140.dll
 0002:000000c0       \177VCRUNTIME140_NULL_THUNK_DATA 00000001800130c0     vcruntime:VCRUNTIME140.dll
 0002:000000c8       __imp_malloc               00000001800130c8     ucrt:api-ms-win-crt-heap-l1-1-0.dll
 0002:000000d0       __imp_free                 00000001800130d0     ucrt:api-ms-win-crt-heap-l1-1-0.dll
 0002:000000d8       \177api-ms-win-crt-heap-l1-1-0_NULL_THUNK_DATA 00000001800130d8     ucrt:api-ms-win-crt-heap-l1-1-0.dll
 0002:000000e0       __imp__seh_filter_dll      00000001800130e0     ucrt:api-ms-win-crt-runtime-l1-1-0.dll
 0002:000000e8       __imp__configure_narrow_argv 00000001800130e8     ucrt:api-ms-win-crt-runtime-l1-1-0.dll
 0002:000000f0       __imp__initialize_onexit_table 00000001800130f0     ucrt:api-ms-win-crt-runtime-l1-1-0.dll
 0002:000000f8       __imp__register_onexit_function 00000001800130f8     ucrt:api-ms-win-crt-runtime-l1-1-0.dll
 0002:00000100       __imp__execute_onexit_table 0000000180013100     ucrt:api-ms-win-crt-runtime-l1-1-0.dll
 0002:00000108       __imp__crt_atexit          0000000180013108     ucrt:api-ms-win-crt-runtime-l1-1-0.dll
 0002:00000110       __imp__initialize_narrow_environment 0000000180013110     ucrt:api-ms-win-crt-runtime-l1-1-0.dll
 0002:00000118       __imp__initterm_e          0000000180013118     ucrt:api-ms-win-crt-runtime-l1-1-0.dll
 0002:00000120       __imp__crt_at_quick_exit   0000000180013120     ucrt:api-ms-win-crt-runtime-l1-1-0.dll
 0002:00000128       __imp__cexit               0000000180013128     ucrt:api-ms-win-crt-runtime-l1-1-0.dll
 0002:00000130       __imp_terminate            0000000180013130     ucrt:api-ms-win-crt-runtime-l1-1-0.dll
 0002:00000138       __imp__initterm            0000000180013138     ucrt:api-ms-win-crt-runtime-l1-1-0.dll
 0002:00000140       \177api-ms-win-crt-runtime-l1-1-0_NULL_THUNK_DATA 0000000180013140     ucrt:api-ms-win-crt-runtime-l1-1-0.dll
 0002:00000148       __imp___stdio_common_vsprintf 0000000180013148     ucrt:api-ms-win-crt-stdio-l1-1-0.dll
 0002:00000150       \177api-ms-win-crt-stdio-l1-1-0_NULL_THUNK_DATA 0000000180013150     ucrt:api-ms-win-crt-stdio-l1-1-0.dll
 0002:00000158       __imp_strlen               0000000180013158     ucrt:api-ms-win-crt-string-l1-1-0.dll
 0002:00000160       __imp_strcat               0000000180013160     ucrt:api-ms-win-crt-string-l1-1-0.dll
 0002:00000168       __imp_strcmp               0000000180013168     ucrt:api-ms-win-crt-string-l1-1-0.dll
 0002:00000170       \177api-ms-win-crt-string-l1-1-0_NULL_THUNK_DATA 0000000180013170     ucrt:api-ms-win-crt-string-l1-1-0.dll
 0002:00000178       __imp_covrtCreateStateflowInstanceData 0000000180013178     libcovrt:libcovrt.dll
 0002:00000180       __imp_covrtEmlFcnEval      0000000180013180     libcovrt:libcovrt.dll
 0002:00000188       __imp_covrtEmlSaturationInitFcn 0000000180013188     libcovrt:libcovrt.dll
 0002:00000190       __imp_covrtEmlFcnInitFcn   0000000180013190     libcovrt:libcovrt.dll
 0002:00000198       __imp_covrtEmlInitFcn      0000000180013198     libcovrt:libcovrt.dll
 0002:000001a0       __imp_covrtSigUpdateFcn    00000001800131a0     libcovrt:libcovrt.dll
 0002:000001a8       __imp_covrtSaturationUpdateFcn 00000001800131a8     libcovrt:libcovrt.dll
 0002:000001b0       __imp_covrtChartInitFcn    00000001800131b0     libcovrt:libcovrt.dll
 0002:000001b8       __imp_covrtStateInitFcn    00000001800131b8     libcovrt:libcovrt.dll
 0002:000001c0       __imp_covrtTransInitFcn    00000001800131c0     libcovrt:libcovrt.dll
 0002:000001c8       __imp_covrtDeleteStateflowInstanceData 00000001800131c8     libcovrt:libcovrt.dll
 0002:000001d0       \177libcovrt_NULL_THUNK_DATA 00000001800131d0     libcovrt:libcovrt.dll
 0002:000001d8       __imp_emlrtIntegerCheckR2012b 00000001800131d8     libemlrt:libemlrt.dll
 0002:000001e0       __imp_emlrtDynamicBoundsCheckR2012b 00000001800131e0     libemlrt:libemlrt.dll
 0002:000001e8       __imp_emlrtLicenseCheckR2022a 00000001800131e8     libemlrt:libemlrt.dll
 0002:000001f0       \177libemlrt_NULL_THUNK_DATA 00000001800131f0     libemlrt:libemlrt.dll
 0002:000001f8       __imp_mexLock_800          00000001800131f8     libmex:libmex.dll
 0002:00000200       __imp_mexIsLocked_800      0000000180013200     libmex:libmex.dll
 0002:00000208       __imp_mexMakeArrayPersistent_800 0000000180013208     libmex:libmex.dll
 0002:00000210       __imp_mexErrMsgTxt_800     0000000180013210     libmex:libmex.dll
 0002:00000218       __imp_mexWarnMsgTxt_800    0000000180013218     libmex:libmex.dll
 0002:00000220       __imp_mexCallMATLAB_800    0000000180013220     libmex:libmex.dll
 0002:00000228       __imp_mexUnlock_800        0000000180013228     libmex:libmex.dll
 0002:00000230       \177libmex_NULL_THUNK_DATA 0000000180013230     libmex:libmex.dll
 0002:00000238       __imp_getnumcores          0000000180013238     libmwgetnumcores:libmwgetnumcores.dll
 0002:00000240       \177libmwgetnumcores_NULL_THUNK_DATA 0000000180013240     libmwgetnumcores:libmwgetnumcores.dll
 0002:00000248       __imp_imfilter_real64      0000000180013248     libmwimfilter:libmwimfilter.dll
 0002:00000250       \177libmwimfilter_NULL_THUNK_DATA 0000000180013250     libmwimfilter:libmwimfilter.dll
 0002:00000258       __imp_ippfilter_real64     0000000180013258     libmwippfilter:libmwippfilter.dll
 0002:00000260       \177libmwippfilter_NULL_THUNK_DATA 0000000180013260     libmwippfilter:libmwippfilter.dll
 0002:00000268       __imp_muDoubleScalarHypot  0000000180013268     libmwmathutil:libmwmathutil.dll
 0002:00000270       __imp_muDoubleScalarIsNaN  0000000180013270     libmwmathutil:libmwmathutil.dll
 0002:00000278       __imp_muDoubleScalarIsInf  0000000180013278     libmwmathutil:libmwmathutil.dll
 0002:00000280       __imp_muDoubleScalarFloor  0000000180013280     libmwmathutil:libmwmathutil.dll
 0002:00000288       \177libmwmathutil_NULL_THUNK_DATA 0000000180013288     libmwmathutil:libmwmathutil.dll
 0002:00000290       __imp_mxIsNumeric_800      0000000180013290     libmx:libmx.dll
 0002:00000298       __imp_mxGetClassID_800     0000000180013298     libmx:libmx.dll
 0002:000002a0       __imp_mxGetM_800           00000001800132a0     libmx:libmx.dll
 0002:000002a8       __imp_mxGetN_800           00000001800132a8     libmx:libmx.dll
 0002:000002b0       __imp_mxIsComplex_800      00000001800132b0     libmx:libmx.dll
 0002:000002b8       __imp_mxCreateStructMatrix_800 00000001800132b8     libmx:libmx.dll
 0002:000002c0       __imp_mxCreateCellMatrix_800 00000001800132c0     libmx:libmx.dll
 0002:000002c8       __imp_mxCreateString_800   00000001800132c8     libmx:libmx.dll
 0002:000002d0       __imp_mxSetField_800       00000001800132d0     libmx:libmx.dll
 0002:000002d8       __imp_mxSetCell_800        00000001800132d8     libmx:libmx.dll
 0002:000002e0       __imp_mxDuplicateArray_800 00000001800132e0     libmx:libmx.dll
 0002:000002e8       __imp_mxGetString_800      00000001800132e8     libmx:libmx.dll
 0002:000002f0       __imp_mxCreateDoubleMatrix_800 00000001800132f0     libmx:libmx.dll
 0002:000002f8       __imp_mxDestroyArray_800   00000001800132f8     libmx:libmx.dll
 0002:00000300       __imp_mxGetPr_800          0000000180013300     libmx:libmx.dll
 0002:00000308       __imp_mxGetScalar_800      0000000180013308     libmx:libmx.dll
 0002:00000310       __imp_mxIsChar_800         0000000180013310     libmx:libmx.dll
 0002:00000318       __imp_mxCreateDoubleScalar_800 0000000180013318     libmx:libmx.dll
 0002:00000320       __imp_mxCalloc_800         0000000180013320     libmx:libmx.dll
 0002:00000328       \177libmx_NULL_THUNK_DATA  0000000180013328     libmx:libmx.dll
 0002:00000330       __imp_utMalloc             0000000180013330     libut:libut.dll
 0002:00000338       __imp_utFree               0000000180013338     libut:libut.dll
 0002:00000340       \177libut_NULL_THUNK_DATA  0000000180013340     libut:libut.dll
 0002:00000348       __imp_sf_get_hasSeparateUpdateOutputs 0000000180013348     sf_runtime:sf_runtime.dll
 0002:00000350       __imp_sf_get_ChartInfoStruct_CodeGen 0000000180013350     sf_runtime:sf_runtime.dll
 0002:00000358       __imp_sf_mex_error_direct_call 0000000180013358     sf_runtime:sf_runtime.dll
 0002:00000360       __imp_ssGetInputPortSignal_wrapper 0000000180013360     sf_runtime:sf_runtime.dll
 0002:00000368       __imp_sf_mex_import        0000000180013368     sf_runtime:sf_runtime.dll
 0002:00000370       __imp_sf_mex_destroy       0000000180013370     sf_runtime:sf_runtime.dll
 0002:00000378       __imp_sf_mex_dup           0000000180013378     sf_runtime:sf_runtime.dll
 0002:00000380       __imp_sf_mex_assign        0000000180013380     sf_runtime:sf_runtime.dll
 0002:00000388       __imp_sf_mex_getcell       0000000180013388     sf_runtime:sf_runtime.dll
 0002:00000390       __imp_sf_mex_setcell       0000000180013390     sf_runtime:sf_runtime.dll
 0002:00000398       __imp_sf_mex_createcellmatrix 0000000180013398     sf_runtime:sf_runtime.dll
 0002:000003a0       __imp_sf_mex_create        00000001800133a0     sf_runtime:sf_runtime.dll
 0002:000003a8       __imp_sf_mex_error_message 00000001800133a8     sf_runtime:sf_runtime.dll
 0002:000003b0       __imp_sf_mex_call          00000001800133b0     sf_runtime:sf_runtime.dll
 0002:000003b8       __imp_sfListenerInitializeRuntimeVars 00000001800133b8     sf_runtime:sf_runtime.dll
 0002:000003c0       __imp_sfListenerLightTerminate 00000001800133c0     sf_runtime:sf_runtime.dll
 0002:000003c8       __imp_callMdlMethodAndReportError 00000001800133c8     sf_runtime:sf_runtime.dll
 0002:000003d0       __imp_sf_set_work_widths   00000001800133d0     sf_runtime:sf_runtime.dll
 0002:000003d8       __imp_sf_warn_if_symbolic_dimension_param_changed 00000001800133d8     sf_runtime:sf_runtime.dll
 0002:000003e0       __imp_setDebuggerFlag      00000001800133e0     sf_runtime:sf_runtime.dll
 0002:000003e8       __imp_setDataBrowseFcn     00000001800133e8     sf_runtime:sf_runtime.dll
 0002:000003f0       __imp_sfDoAnimationWrapper 00000001800133f0     sf_runtime:sf_runtime.dll
 0002:000003f8       __imp_sf_get_time          00000001800133f8     sf_runtime:sf_runtime.dll
 0002:00000400       __imp_sf_clear_rtw_identifier 0000000180013400     sf_runtime:sf_runtime.dll
 0002:00000408       __imp_sim_mode_is_external 0000000180013408     sf_runtime:sf_runtime.dll
 0002:00000410       __imp_sim_mode_is_rtw_gen  0000000180013410     sf_runtime:sf_runtime.dll
 0002:00000418       __imp_sf_get_chart_instance_ptr 0000000180013418     sf_runtime:sf_runtime.dll
 0002:00000420       __imp_sfrtGetCovrtInstance 0000000180013420     sf_runtime:sf_runtime.dll
 0002:00000428       __imp_sfrtGetEmlrtCtx      0000000180013428     sf_runtime:sf_runtime.dll
 0002:00000430       __imp_sf_free_ChartRunTimeInfo 0000000180013430     sf_runtime:sf_runtime.dll
 0002:00000438       __imp_sf_init_ChartRunTimeInfo 0000000180013438     sf_runtime:sf_runtime.dll
 0002:00000440       __imp_sf_mex_decode        0000000180013440     sf_runtime:sf_runtime.dll
 0002:00000448       __imp_sf_load_rtw_optimization_info 0000000180013448     sf_runtime:sf_runtime.dll
 0002:00000450       __imp_sf_clear_error_manager_info 0000000180013450     sf_runtime:sf_runtime.dll
 0002:00000458       __imp_call_sf_machine_global_method_dispatcher 0000000180013458     sf_runtime:sf_runtime.dll
 0002:00000460       __imp_sfListenerCacheSimStruct 0000000180013460     sf_runtime:sf_runtime.dll
 0002:00000468       __imp_getRuntimeInstanceInfoAsVoid 0000000180013468     sf_runtime:sf_runtime.dll
 0002:00000470       __imp_ssGetOutputPortSignal_wrapper 0000000180013470     sf_runtime:sf_runtime.dll
 0002:00000478       \177sf_runtime_NULL_THUNK_DATA 0000000180013478     sf_runtime:sf_runtime.dll
 0002:00000480       __guard_check_icall_fptr   0000000180013480     MSVCRT:guard_support.obj
 0002:00000488       __guard_xfg_check_icall_fptr 0000000180013488     MSVCRT:guard_support.obj
 0002:00000490       __guard_dispatch_icall_fptr 0000000180013490     MSVCRT:guard_support.obj
 0002:00000498       __guard_xfg_dispatch_icall_fptr 0000000180013498     MSVCRT:guard_support.obj
 0002:000004a0       __guard_xfg_table_dispatch_icall_fptr 00000001800134a0     MSVCRT:guard_support.obj
 0002:000004a8       __castguard_check_failure_os_handled_fptr 00000001800134a8     MSVCRT:guard_support.obj
 0002:000004b0       __guard_memcpy_fptr        00000001800134b0     vcruntime:softmemtag.obj
 0002:000004b8       __xc_a                     00000001800134b8     MSVCRT:initializers.obj
 0002:000004c0       __xc_z                     00000001800134c0     MSVCRT:initializers.obj
 0002:000004c8       __xi_a                     00000001800134c8     MSVCRT:initializers.obj
 0002:000004d0       __xi_z                     00000001800134d0     MSVCRT:initializers.obj
 0002:000004d8       __xp_a                     00000001800134d8     MSVCRT:initializers.obj
 0002:000004e0       __xp_z                     00000001800134e0     MSVCRT:initializers.obj
 0002:000004e8       __xt_a                     00000001800134e8     MSVCRT:initializers.obj
 0002:000004f0       __xt_z                     00000001800134f0     MSVCRT:initializers.obj
 0002:00000500       __real@4174ffbd70000000    0000000180013500     flightControlSystem_sfun.obj
 0002:00000508       __real@418f503920000000    0000000180013508     flightControlSystem_sfun.obj
 0002:00000510       __real@41b92f8712000000    0000000180013510     flightControlSystem_sfun.obj
 0002:00000518       __real@41bad2f744000000    0000000180013518     flightControlSystem_sfun.obj
 0002:00000520       __real@41cb1a5378800000    0000000180013520     flightControlSystem_sfun.obj
 0002:00000528       __real@41dd4ff610400000    0000000180013528     flightControlSystem_sfun.obj
 0002:00000530       __real@41e3f2a9e2200000    0000000180013530     flightControlSystem_sfun.obj
 0002:00000538       __real@41e3fa3198000000    0000000180013538     flightControlSystem_sfun.obj
 0002:00000540       __real@41e4f97bc3200000    0000000180013540     flightControlSystem_sfun.obj
 0002:00000548       __real@41e5ea5a70200000    0000000180013548     flightControlSystem_sfun.obj
 0002:00000550       __real@41eb30c5b0800000    0000000180013550     flightControlSystem_sfun.obj
 0002:00000558       __real@41ed0b63b6c00000    0000000180013558     flightControlSystem_sfun.obj
 0002:00000568       __real@0000000000000000    0000000180013568     c11_flightControlSystem.obj
 0002:00000570       __real@3fe0000000000000    0000000180013570     c11_flightControlSystem.obj
 0002:00000578       __real@3fe6666666666666    0000000180013578     c11_flightControlSystem.obj
 0002:00000580       __real@3ff0000000000000    0000000180013580     c11_flightControlSystem.obj
 0002:00000588       __real@4000000000000000    0000000180013588     c11_flightControlSystem.obj
 0002:00000590       __real@4018000000000000    0000000180013590     c11_flightControlSystem.obj
 0002:00000598       __real@4028000000000000    0000000180013598     c11_flightControlSystem.obj
 0002:000005a0       __real@402a000000000000    00000001800135a0     c11_flightControlSystem.obj
 0002:000005a8       __real@404f800000000000    00000001800135a8     c11_flightControlSystem.obj
 0002:000005b0       __real@4050000000000000    00000001800135b0     c11_flightControlSystem.obj
 0002:000005b8       __real@4185c5ff08000000    00000001800135b8     c11_flightControlSystem.obj
 0002:000005c0       __real@41db9f7300400000    00000001800135c0     c11_flightControlSystem.obj
 0002:000005c8       __real@41eba2ff4c400000    00000001800135c8     c11_flightControlSystem.obj
 0002:000005d0       __real@41ef7fc2c4400000    00000001800135d0     c11_flightControlSystem.obj
 0002:000005d8       __real@c018000000000000    00000001800135d8     c11_flightControlSystem.obj
 0002:000005e0       __real@c028000000000000    00000001800135e0     c11_flightControlSystem.obj
 0002:000005e8       __real@c056800000000000    00000001800135e8     c11_flightControlSystem.obj
 0002:000005f0       DYNAMIC_DIMENSION_DEF      00000001800135f0     flightControlSystem_sfun_registry.obj
 0002:00000608       __real@4010000000000000    0000000180013608     flightControlSystem_sfun_registry.obj
 0002:00000610       __real@41602cbca0000000    0000000180013610     flightControlSystem_sfun_registry.obj
 0002:00000618       __real@bff0000000000000    0000000180013618     flightControlSystem_sfun_registry.obj
 0002:00000620       __real@77800000            0000000180013620     half_type.obj
 0002:00000638       _pDefaultRawDllMain        0000000180013638     MSVCRT:dll_dllmain.obj
 0002:00000638       _pRawDllMain               0000000180013638     MSVCRT:dll_dllmain.obj
 0002:00000640       __xmm@ffffffffffffffffffffffffffffffff 0000000180013640     MSVCRT:utility.obj
 0002:00000650       _load_config_used          0000000180013650     MSVCRT:loadcfg.obj
 0002:00000800       __CastGuardVftablesStart   0000000180013800     MSVCRT:guard_support.obj
 0002:00000880       __CastGuardVftablesEnd     0000000180013880     MSVCRT:guard_support.obj
 0002:00000900       __volatile_metadata        0000000180013900     <linker-defined>
 0002:00000ce8       __rtc_iaa                  0000000180013ce8     MSVCRT:initsect.obj
 0002:00000cf0       __rtc_izz                  0000000180013cf0     MSVCRT:initsect.obj
 0002:00000cf8       __rtc_taa                  0000000180013cf8     MSVCRT:initsect.obj
 0002:00000d00       __rtc_tzz                  0000000180013d00     MSVCRT:initsect.obj
 0002:00001764       __IMPORT_DESCRIPTOR_libmwippfilter 0000000180014764     libmwippfilter:libmwippfilter.dll
 0002:00001778       __IMPORT_DESCRIPTOR_libmwgetnumcores 0000000180014778     libmwgetnumcores:libmwgetnumcores.dll
 0002:0000178c       __IMPORT_DESCRIPTOR_libmwimfilter 000000018001478c     libmwimfilter:libmwimfilter.dll
 0002:000017a0       __IMPORT_DESCRIPTOR_sf_runtime 00000001800147a0     sf_runtime:sf_runtime.dll
 0002:000017b4       __IMPORT_DESCRIPTOR_libmx  00000001800147b4     libmx:libmx.dll
 0002:000017c8       __IMPORT_DESCRIPTOR_libmex 00000001800147c8     libmex:libmex.dll
 0002:000017dc       __IMPORT_DESCRIPTOR_libut  00000001800147dc     libut:libut.dll
 0002:000017f0       __IMPORT_DESCRIPTOR_libmwmathutil 00000001800147f0     libmwmathutil:libmwmathutil.dll
 0002:00001804       __IMPORT_DESCRIPTOR_libemlrt 0000000180014804     libemlrt:libemlrt.dll
 0002:00001818       __IMPORT_DESCRIPTOR_libcovrt 0000000180014818     libcovrt:libcovrt.dll
 0002:0000182c       __IMPORT_DESCRIPTOR_KERNEL32 000000018001482c     kernel32:KERNEL32.dll
 0002:00001840       __IMPORT_DESCRIPTOR_VCRUNTIME140 0000000180014840     vcruntime:VCRUNTIME140.dll
 0002:00001854       __IMPORT_DESCRIPTOR_api-ms-win-crt-string-l1-1-0 0000000180014854     ucrt:api-ms-win-crt-string-l1-1-0.dll
 0002:00001868       __IMPORT_DESCRIPTOR_api-ms-win-crt-stdio-l1-1-0 0000000180014868     ucrt:api-ms-win-crt-stdio-l1-1-0.dll
 0002:0000187c       __IMPORT_DESCRIPTOR_api-ms-win-crt-heap-l1-1-0 000000018001487c     ucrt:api-ms-win-crt-heap-l1-1-0.dll
 0002:00001890       __IMPORT_DESCRIPTOR_api-ms-win-crt-runtime-l1-1-0 0000000180014890     ucrt:api-ms-win-crt-runtime-l1-1-0.dll
 0002:000018a4       __NULL_IMPORT_DESCRIPTOR   00000001800148a4     libmwippfilter:libmwippfilter.dll
 0003:00002230       DYNAMIC_DIMENSION          0000000180018230     flightControlSystem_sfun_registry.obj
 0003:000047c0       __security_cookie_complement 000000018001a7c0     MSVCRT:gs_cookie.obj
 0003:000047c8       __security_cookie          000000018001a7c8     MSVCRT:gs_cookie.obj
 0003:000047d0       _fltused                   000000018001a7d0     MSVCRT:fltused.obj
 0003:000047d4       __scrt_native_dllmain_reason 000000018001a7d4     MSVCRT:utility.obj
 0003:000047d8       __isa_available            000000018001a7d8     MSVCRT:cpu_disp.obj
 0003:000047dc       __isa_enabled              000000018001a7dc     MSVCRT:cpu_disp.obj
 0003:000047e0       __memset_fast_string_threshold 000000018001a7e0     MSVCRT:cpu_disp.obj
 0003:000047e8       __memset_nt_threshold      000000018001a7e8     MSVCRT:cpu_disp.obj
 0003:000047f0       __scrt_ucrt_dll_is_in_use  000000018001a7f0     MSVCRT:ucrt_stubs.obj
 0003:000053a0       ?__type_info_root_node@@3U__type_info_node@@A 000000018001b3a0     MSVCRT:tncleanup.obj
 0003:000053b0       ?_OptionsStorage@?1??__local_stdio_printf_options@@9@4_KA 000000018001b3b0     MSVCRT:default_local_stdio_options.obj
 0003:000053b8       ?_OptionsStorage@?1??__local_stdio_scanf_options@@9@4_KA 000000018001b3b8     MSVCRT:default_local_stdio_options.obj
 0003:000053c0       __scrt_current_native_startup_state 000000018001b3c0     MSVCRT:utility.obj
 0003:000053c8       __scrt_native_startup_lock 000000018001b3c8     MSVCRT:utility.obj
 0003:00005408       __scrt_debugger_hook_flag  000000018001b408     MSVCRT:utility_desktop.obj
 0003:0000540c       __favor                    000000018001b40c     MSVCRT:cpu_disp.obj
 0003:00005410       ?_OptionsStorage@?1??__local_stdio_printf_options@@9@9 000000018001b410     <common>
 0003:00005418       __dyn_tls_init_callback    000000018001b418     <common>

 entry point at        0001:00010614

 Static symbols

 0000:00000000       _volmd                     0000000180000000     c11_flightControlSystem.obj
 0000:00000000       .debug$S                   0000000180000000     flightControlSystem_sfun.exp
 0000:00000000       _volmd                     0000000180000000     flightControlSystem_sfun.obj
 0000:00000000       _volmd                     0000000180000000     flightControlSystem_sfun_registry.obj
 0000:00000000       .debug$S                   0000000180000000     ucrt:api-ms-win-crt-heap-l1-1-0.dll
 0000:00000000       .debug$S                   0000000180000000     ucrt:api-ms-win-crt-heap-l1-1-0.dll
 0000:00000000       .debug$S                   0000000180000000     ucrt:api-ms-win-crt-runtime-l1-1-0.dll
 0000:00000000       .debug$S                   0000000180000000     ucrt:api-ms-win-crt-runtime-l1-1-0.dll
 0000:00000000       .debug$S                   0000000180000000     ucrt:api-ms-win-crt-runtime-l1-1-0.dll
 0000:00000000       .debug$S                   0000000180000000     ucrt:api-ms-win-crt-runtime-l1-1-0.dll
 0000:00000000       .debug$S                   0000000180000000     ucrt:api-ms-win-crt-runtime-l1-1-0.dll
 0000:00000000       .debug$S                   0000000180000000     ucrt:api-ms-win-crt-runtime-l1-1-0.dll
 0000:00000000       .debug$S                   0000000180000000     ucrt:api-ms-win-crt-runtime-l1-1-0.dll
 0000:00000000       .debug$S                   0000000180000000     ucrt:api-ms-win-crt-runtime-l1-1-0.dll
 0000:00000000       .debug$S                   0000000180000000     ucrt:api-ms-win-crt-runtime-l1-1-0.dll
 0000:00000000       .debug$S                   0000000180000000     ucrt:api-ms-win-crt-runtime-l1-1-0.dll
 0000:00000000       .debug$S                   0000000180000000     ucrt:api-ms-win-crt-runtime-l1-1-0.dll
 0000:00000000       .debug$S                   0000000180000000     ucrt:api-ms-win-crt-runtime-l1-1-0.dll
 0000:00000000       .debug$S                   0000000180000000     ucrt:api-ms-win-crt-stdio-l1-1-0.dll
 0000:00000000       .debug$S                   0000000180000000     ucrt:api-ms-win-crt-string-l1-1-0.dll
 0000:00000000       .debug$S                   0000000180000000     ucrt:api-ms-win-crt-string-l1-1-0.dll
 0000:00000000       .debug$S                   0000000180000000     ucrt:api-ms-win-crt-string-l1-1-0.dll
 0000:00000000       .debug$S                   0000000180000000     kernel32:KERNEL32.dll
 0000:00000000       .debug$S                   0000000180000000     kernel32:KERNEL32.dll
 0000:00000000       .debug$S                   0000000180000000     kernel32:KERNEL32.dll
 0000:00000000       .debug$S                   0000000180000000     kernel32:KERNEL32.dll
 0000:00000000       .debug$S                   0000000180000000     kernel32:KERNEL32.dll
 0000:00000000       .debug$S                   0000000180000000     kernel32:KERNEL32.dll
 0000:00000000       .debug$S                   0000000180000000     kernel32:KERNEL32.dll
 0000:00000000       .debug$S                   0000000180000000     kernel32:KERNEL32.dll
 0000:00000000       .debug$S                   0000000180000000     kernel32:KERNEL32.dll
 0000:00000000       .debug$S                   0000000180000000     kernel32:KERNEL32.dll
 0000:00000000       .debug$S                   0000000180000000     kernel32:KERNEL32.dll
 0000:00000000       .debug$S                   0000000180000000     kernel32:KERNEL32.dll
 0000:00000000       .debug$S                   0000000180000000     kernel32:KERNEL32.dll
 0000:00000000       .debug$S                   0000000180000000     kernel32:KERNEL32.dll
 0000:00000000       .debug$S                   0000000180000000     kernel32:KERNEL32.dll
 0000:00000000       .debug$S                   0000000180000000     kernel32:KERNEL32.dll
 0000:00000000       .debug$S                   0000000180000000     kernel32:KERNEL32.dll
 0000:00000000       .debug$S                   0000000180000000     libcovrt:libcovrt.dll
 0000:00000000       .debug$S                   0000000180000000     libcovrt:libcovrt.dll
 0000:00000000       .debug$S                   0000000180000000     libcovrt:libcovrt.dll
 0000:00000000       .debug$S                   0000000180000000     libcovrt:libcovrt.dll
 0000:00000000       .debug$S                   0000000180000000     libcovrt:libcovrt.dll
 0000:00000000       .debug$S                   0000000180000000     libcovrt:libcovrt.dll
 0000:00000000       .debug$S                   0000000180000000     libcovrt:libcovrt.dll
 0000:00000000       .debug$S                   0000000180000000     libcovrt:libcovrt.dll
 0000:00000000       .debug$S                   0000000180000000     libcovrt:libcovrt.dll
 0000:00000000       .debug$S                   0000000180000000     libcovrt:libcovrt.dll
 0000:00000000       .debug$S                   0000000180000000     libcovrt:libcovrt.dll
 0000:00000000       .debug$S                   0000000180000000     libemlrt:libemlrt.dll
 0000:00000000       .debug$S                   0000000180000000     libemlrt:libemlrt.dll
 0000:00000000       .debug$S                   0000000180000000     libemlrt:libemlrt.dll
 0000:00000000       .debug$S                   0000000180000000     libmex:libmex.dll
 0000:00000000       .debug$S                   0000000180000000     libmex:libmex.dll
 0000:00000000       .debug$S                   0000000180000000     libmex:libmex.dll
 0000:00000000       .debug$S                   0000000180000000     libmex:libmex.dll
 0000:00000000       .debug$S                   0000000180000000     libmex:libmex.dll
 0000:00000000       .debug$S                   0000000180000000     libmex:libmex.dll
 0000:00000000       .debug$S                   0000000180000000     libmex:libmex.dll
 0000:00000000       .debug$S                   0000000180000000     libmwgetnumcores:libmwgetnumcores.dll
 0000:00000000       .debug$S                   0000000180000000     libmwimfilter:libmwimfilter.dll
 0000:00000000       .debug$S                   0000000180000000     libmwippfilter:libmwippfilter.dll
 0000:00000000       .debug$S                   0000000180000000     libmwmathutil:libmwmathutil.dll
 0000:00000000       .debug$S                   0000000180000000     libmwmathutil:libmwmathutil.dll
 0000:00000000       .debug$S                   0000000180000000     libmwmathutil:libmwmathutil.dll
 0000:00000000       .debug$S                   0000000180000000     libmwmathutil:libmwmathutil.dll
 0000:00000000       .debug$S                   0000000180000000     libmx:libmx.dll
 0000:00000000       .debug$S                   0000000180000000     libmx:libmx.dll
 0000:00000000       .debug$S                   0000000180000000     libmx:libmx.dll
 0000:00000000       .debug$S                   0000000180000000     libmx:libmx.dll
 0000:00000000       .debug$S                   0000000180000000     libmx:libmx.dll
 0000:00000000       .debug$S                   0000000180000000     libmx:libmx.dll
 0000:00000000       .debug$S                   0000000180000000     libmx:libmx.dll
 0000:00000000       .debug$S                   0000000180000000     libmx:libmx.dll
 0000:00000000       .debug$S                   0000000180000000     libmx:libmx.dll
 0000:00000000       .debug$S                   0000000180000000     libmx:libmx.dll
 0000:00000000       .debug$S                   0000000180000000     libmx:libmx.dll
 0000:00000000       .debug$S                   0000000180000000     libmx:libmx.dll
 0000:00000000       .debug$S                   0000000180000000     libmx:libmx.dll
 0000:00000000       .debug$S                   0000000180000000     libmx:libmx.dll
 0000:00000000       .debug$S                   0000000180000000     libmx:libmx.dll
 0000:00000000       .debug$S                   0000000180000000     libmx:libmx.dll
 0000:00000000       .debug$S                   0000000180000000     libmx:libmx.dll
 0000:00000000       .debug$S                   0000000180000000     libmx:libmx.dll
 0000:00000000       .debug$S                   0000000180000000     libmx:libmx.dll
 0000:00000000       .debug$S                   0000000180000000     libut:libut.dll
 0000:00000000       .debug$S                   0000000180000000     libut:libut.dll
 0000:00000000       .debug$S                   0000000180000000     sf_runtime:sf_runtime.dll
 0000:00000000       .debug$S                   0000000180000000     sf_runtime:sf_runtime.dll
 0000:00000000       .debug$S                   0000000180000000     sf_runtime:sf_runtime.dll
 0000:00000000       .debug$S                   0000000180000000     sf_runtime:sf_runtime.dll
 0000:00000000       .debug$S                   0000000180000000     sf_runtime:sf_runtime.dll
 0000:00000000       .debug$S                   0000000180000000     sf_runtime:sf_runtime.dll
 0000:00000000       .debug$S                   0000000180000000     sf_runtime:sf_runtime.dll
 0000:00000000       .debug$S                   0000000180000000     sf_runtime:sf_runtime.dll
 0000:00000000       .debug$S                   0000000180000000     sf_runtime:sf_runtime.dll
 0000:00000000       .debug$S                   0000000180000000     sf_runtime:sf_runtime.dll
 0000:00000000       .debug$S                   0000000180000000     sf_runtime:sf_runtime.dll
 0000:00000000       .debug$S                   0000000180000000     sf_runtime:sf_runtime.dll
 0000:00000000       .debug$S                   0000000180000000     sf_runtime:sf_runtime.dll
 0000:00000000       .debug$S                   0000000180000000     sf_runtime:sf_runtime.dll
 0000:00000000       .debug$S                   0000000180000000     sf_runtime:sf_runtime.dll
 0000:00000000       .debug$S                   0000000180000000     sf_runtime:sf_runtime.dll
 0000:00000000       .debug$S                   0000000180000000     sf_runtime:sf_runtime.dll
 0000:00000000       .debug$S                   0000000180000000     sf_runtime:sf_runtime.dll
 0000:00000000       .debug$S                   0000000180000000     sf_runtime:sf_runtime.dll
 0000:00000000       .debug$S                   0000000180000000     sf_runtime:sf_runtime.dll
 0000:00000000       .debug$S                   0000000180000000     sf_runtime:sf_runtime.dll
 0000:00000000       .debug$S                   0000000180000000     sf_runtime:sf_runtime.dll
 0000:00000000       .debug$S                   0000000180000000     sf_runtime:sf_runtime.dll
 0000:00000000       .debug$S                   0000000180000000     sf_runtime:sf_runtime.dll
 0000:00000000       .debug$S                   0000000180000000     sf_runtime:sf_runtime.dll
 0000:00000000       .debug$S                   0000000180000000     sf_runtime:sf_runtime.dll
 0000:00000000       .debug$S                   0000000180000000     sf_runtime:sf_runtime.dll
 0000:00000000       .debug$S                   0000000180000000     sf_runtime:sf_runtime.dll
 0000:00000000       .debug$S                   0000000180000000     sf_runtime:sf_runtime.dll
 0000:00000000       .debug$S                   0000000180000000     sf_runtime:sf_runtime.dll
 0000:00000000       .debug$S                   0000000180000000     sf_runtime:sf_runtime.dll
 0000:00000000       .debug$S                   0000000180000000     sf_runtime:sf_runtime.dll
 0000:00000000       .debug$S                   0000000180000000     sf_runtime:sf_runtime.dll
 0000:00000000       .debug$S                   0000000180000000     sf_runtime:sf_runtime.dll
 0000:00000000       .debug$S                   0000000180000000     sf_runtime:sf_runtime.dll
 0000:00000000       .debug$S                   0000000180000000     sf_runtime:sf_runtime.dll
 0000:00000000       .debug$S                   0000000180000000     sf_runtime:sf_runtime.dll
 0000:00000000       .debug$S                   0000000180000000     sf_runtime:sf_runtime.dll
 0000:00000000       _volmd                     0000000180000000     MSVCRT:cpu_disp.obj
 0002:fffed000       __guard_ehcont_?dllmain_dispatch@@YAHQEAUHINSTANCE__@@KQEAX@Z 0000000180000000     MSVCRT:dll_dllmain.obj
 0002:fffed000       __guard_fids_?dllmain_dispatch@@YAHQEAUHINSTANCE__@@KQEAX@Z 0000000180000000     MSVCRT:dll_dllmain.obj
 0000:00000000       _volmd                     0000000180000000     MSVCRT:gs_report.obj
 0000:00000000       _volmd                     0000000180000000     MSVCRT:gs_report.obj
 0000:00000000       _volmd                     0000000180000000     MSVCRT:gs_report.obj
 0002:fffed000       __guard_fids__             0000000180000000     MSVCRT:guard_support.obj
 0002:fffed000       __guard_fids__             0000000180000000     MSVCRT:guard_support.obj
 0002:fffed000       __guard_fids__guard_icall_checks_enforced 0000000180000000     MSVCRT:guard_support.obj
 0000:00000000       _volmd                     0000000180000000     MSVCRT:guard_support.obj
 0000:00000000       _volmd                     0000000180000000     MSVCRT:guard_support.obj
 0000:00000000       _volmd                     0000000180000000     MSVCRT:guard_support.obj
 0000:00000000       _volmd                     0000000180000000     MSVCRT:guard_support.obj
 0000:00000000       _volmd                     0000000180000000     MSVCRT:guard_support.obj
 0000:00000000       _volmd                     0000000180000000     MSVCRT:guard_support.obj
 0002:fffed000       __guard_ehcont___scrt_is_nonwritable_in_current_image 0000000180000000     MSVCRT:utility.obj
 0000:00000000       _volmd                     0000000180000000     MSVCRT:utility.obj
 0000:00000000       _volmd                     0000000180000000     MSVCRT:utility.obj
 0000:00000000       _volmd                     0000000180000000     MSVCRT:utility.obj
 0002:fffed000       __guard_fids___scrt_set_unhandled_exception_filter 0000000180000000     MSVCRT:utility_desktop.obj
 0000:00000000       _volmd                     0000000180000000     MSVCRT:utility_desktop.obj
 0002:fffed000       __guard_fids__             0000000180000000     vcruntime:softmemtag.obj
 0000:00000000       .debug$S                   0000000180000000     vcruntime:VCRUNTIME140.dll
 0000:00000000       .debug$S                   0000000180000000     vcruntime:VCRUNTIME140.dll
 0000:00000000       .debug$S                   0000000180000000     vcruntime:VCRUNTIME140.dll
 0000:00000000       .debug$S                   0000000180000000     vcruntime:VCRUNTIME140.dll
 0000:00000000       .debug$S                   0000000180000000     vcruntime:VCRUNTIME140.dll
 0000:00000000       .debug$S                   0000000180000000     vcruntime:VCRUNTIME140.dll
 0000:00000010       _volmd                     0000000180000010     c11_flightControlSystem.obj
 0000:00000010       _volmd                     0000000180000010     flightControlSystem_sfun.obj
 0000:00000010       _volmd                     0000000180000010     flightControlSystem_sfun_registry.obj
 0000:00000020       _volmd                     0000000180000020     c11_flightControlSystem.obj
 0000:00000020       _volmd                     0000000180000020     flightControlSystem_sfun.obj
 0000:00000020       _volmd                     0000000180000020     flightControlSystem_sfun_registry.obj
 0000:00000030       _volmd                     0000000180000030     flightControlSystem_sfun.obj
 0000:00000030       _volmd                     0000000180000030     flightControlSystem_sfun_registry.obj
 0000:00000040       _volmd                     0000000180000040     flightControlSystem_sfun.obj
 0000:00000040       _volmd                     0000000180000040     flightControlSystem_sfun_registry.obj
 0000:00000050       _volmd                     0000000180000050     flightControlSystem_sfun.obj
 0000:00000050       _volmd                     0000000180000050     flightControlSystem_sfun_registry.obj
 0000:00000060       _volmd                     0000000180000060     flightControlSystem_sfun_registry.obj
 0000:00000070       _volmd                     0000000180000070     flightControlSystem_sfun_registry.obj
 0000:00000080       _volmd                     0000000180000080     flightControlSystem_sfun_registry.obj
 0000:00000090       _volmd                     0000000180000090     flightControlSystem_sfun_registry.obj
 0000:000000a0       _volmd                     00000001800000a0     flightControlSystem_sfun_registry.obj
 0000:000000b0       _volmd                     00000001800000b0     flightControlSystem_sfun_registry.obj
 0000:000000c0       _volmd                     00000001800000c0     flightControlSystem_sfun_registry.obj
[...]
 0003:0000226c       $SG28886                   000000018001826c     flightControlSystem_sfun_registry.obj
 0003:00002270       $SG26749                   0000000180018270     flightControlSystem_sfun_registry.obj
 0003:00002288       $SG26751                   0000000180018288     flightControlSystem_sfun_registry.obj
 0003:0000229c       $SG28967                   000000018001829c     flightControlSystem_sfun_registry.obj
 0003:000022a0       $SG26787                   00000001800182a0     flightControlSystem_sfun_registry.obj
 0003:000022b8       $SG26789                   00000001800182b8     flightControlSystem_sfun_registry.obj
 0003:000022d0       $SG26825                   00000001800182d0     flightControlSystem_sfun_registry.obj
 0003:000022f0       $SG26827                   00000001800182f0     flightControlSystem_sfun_registry.obj
 0003:00002308       $SG26863                   0000000180018308     flightControlSystem_sfun_registry.obj
 0003:00002328       $SG26865                   0000000180018328     flightControlSystem_sfun_registry.obj
 0003:00002340       $SG26885                   0000000180018340     flightControlSystem_sfun_registry.obj
 0003:00002350       $SG26903                   0000000180018350     flightControlSystem_sfun_registry.obj
 0003:00002368       $SG26934                   0000000180018368     flightControlSystem_sfun_registry.obj
 0003:0000237c       $SG27034                   000000018001837c     flightControlSystem_sfun_registry.obj
 0003:00002388       $SG27035                   0000000180018388     flightControlSystem_sfun_registry.obj
 0003:0000239c       $SG27040                   000000018001839c     flightControlSystem_sfun_registry.obj
 0003:000023a8       $SG27041                   00000001800183a8     flightControlSystem_sfun_registry.obj
 0003:000023c8       $SG27183                   00000001800183c8     flightControlSystem_sfun_registry.obj
 0003:000023f0       _sfcnName                  00000001800183f0     flightControlSystem_sfun_registry.obj
 0003:00002410       $SG27200                   0000000180018410     flightControlSystem_sfun_registry.obj
 0003:00002488       $SG27605                   0000000180018488     flightControlSystem_sfun_registry.obj
 0003:00002490       $SG27606                   0000000180018490     flightControlSystem_sfun_registry.obj
 0003:00002498       $SG27620                   0000000180018498     flightControlSystem_sfun_registry.obj
 0003:000024a8       $SG27810                   00000001800184a8     flightControlSystem_sfun_registry.obj
 0003:000024e8       $SG27811                   00000001800184e8     flightControlSystem_sfun_registry.obj
 0003:000024f8       $SG27812                   00000001800184f8     flightControlSystem_sfun_registry.obj
 0003:00002500       $SG27816                   0000000180018500     flightControlSystem_sfun_registry.obj
 0003:00002548       $SG27817                   0000000180018548     flightControlSystem_sfun_registry.obj
 0003:00002558       $SG27818                   0000000180018558     flightControlSystem_sfun_registry.obj
 0003:00002560       $SG27819                   0000000180018560     flightControlSystem_sfun_registry.obj
 0003:000025b8       $SG27820                   00000001800185b8     flightControlSystem_sfun_registry.obj
 0003:000025c8       $SG27821                   00000001800185c8     flightControlSystem_sfun_registry.obj
 0003:000025d0       $SG27843                   00000001800185d0     flightControlSystem_sfun_registry.obj
 0003:00002610       $SG27844                   0000000180018610     flightControlSystem_sfun_registry.obj
 0003:00002620       $SG27845                   0000000180018620     flightControlSystem_sfun_registry.obj
 0003:00002628       $SG27851                   0000000180018628     flightControlSystem_sfun_registry.obj
 0003:00002630       $SG27849                   0000000180018630     flightControlSystem_sfun_registry.obj
 0003:00002678       $SG27850                   0000000180018678     flightControlSystem_sfun_registry.obj
 0003:00002688       $SG27854                   0000000180018688     flightControlSystem_sfun_registry.obj
 0003:00002690       $SG27852                   0000000180018690     flightControlSystem_sfun_registry.obj
 0003:000026e8       $SG27853                   00000001800186e8     flightControlSystem_sfun_registry.obj
 0003:000026f8       $SG27880                   00000001800186f8     flightControlSystem_sfun_registry.obj
 0003:00002700       $SG27878                   0000000180018700     flightControlSystem_sfun_registry.obj
 0003:00002750       $SG27879                   0000000180018750     flightControlSystem_sfun_registry.obj
 0003:00002760       $SG27892                   0000000180018760     flightControlSystem_sfun_registry.obj
 0003:000027c0       $SG27893                   00000001800187c0     flightControlSystem_sfun_registry.obj
 0003:000027c8       $SG27894                   00000001800187c8     flightControlSystem_sfun_registry.obj
 0003:000027d0       $SG27906                   00000001800187d0     flightControlSystem_sfun_registry.obj
 0003:00002830       $SG27907                   0000000180018830     flightControlSystem_sfun_registry.obj
 0003:00002838       $SG27908                   0000000180018838     flightControlSystem_sfun_registry.obj
 0003:00002840       $SG28248                   0000000180018840     flightControlSystem_sfun_registry.obj
 0003:000028b8       $SG28870                   00000001800188b8     flightControlSystem_sfun_registry.obj
 0003:000028d0       $SG28251                   00000001800188d0     flightControlSystem_sfun_registry.obj
 0003:00002944       $SG28941                   0000000180018944     flightControlSystem_sfun_registry.obj
 0003:00002950       $SG28256                   0000000180018950     flightControlSystem_sfun_registry.obj
 0003:000029c8       $SG28942                   00000001800189c8     flightControlSystem_sfun_registry.obj
 0003:000029d0       $SG28264                   00000001800189d0     flightControlSystem_sfun_registry.obj
 0003:00002a40       $SG28539                   0000000180018a40     flightControlSystem_sfun_registry.obj
 0003:00002ab8       $SG28943                   0000000180018ab8     flightControlSystem_sfun_registry.obj
 0003:00002ac0       $SG28544                   0000000180018ac0     flightControlSystem_sfun_registry.obj
 0003:00002b38       $SG28949                   0000000180018b38     flightControlSystem_sfun_registry.obj
 0003:00002b40       $SG28883                   0000000180018b40     flightControlSystem_sfun_registry.obj
 0003:00002bb8       $SG28952                   0000000180018bb8     flightControlSystem_sfun_registry.obj
 0003:00002bc0       $SG28944                   0000000180018bc0     flightControlSystem_sfun_registry.obj
 0003:00002c38       $SG28955                   0000000180018c38     flightControlSystem_sfun_registry.obj
 0003:00002c40       $SG28946                   0000000180018c40     flightControlSystem_sfun_registry.obj
 0003:00002cc0       $SG28956                   0000000180018cc0     flightControlSystem_sfun_registry.obj
 0003:00002d40       $SG28957                   0000000180018d40     flightControlSystem_sfun_registry.obj
 0003:00002d50       $SG28959                   0000000180018d50     flightControlSystem_sfun_registry.obj
 0003:00002d5c       $SG28961                   0000000180018d5c     flightControlSystem_sfun_registry.obj
 0003:00002d64       $SG28963                   0000000180018d64     flightControlSystem_sfun_registry.obj
 0003:00002d70       $SG28965                   0000000180018d70     flightControlSystem_sfun_registry.obj
 0003:00002d80       $SG28970                   0000000180018d80     flightControlSystem_sfun_registry.obj
 0003:00002e68       $SG29088                   0000000180018e68     flightControlSystem_sfun_registry.obj
 0003:00002e98       $SG29089                   0000000180018e98     flightControlSystem_sfun_registry.obj
 0003:00002ea8       $SG29090                   0000000180018ea8     flightControlSystem_sfun_registry.obj
 0003:00002eb0       $SG29092                   0000000180018eb0     flightControlSystem_sfun_registry.obj
 0003:00002ee8       $SG29093                   0000000180018ee8     flightControlSystem_sfun_registry.obj
 0003:00002ef8       $SG29094                   0000000180018ef8     flightControlSystem_sfun_registry.obj
 0003:00002f00       $SG29097                   0000000180018f00     flightControlSystem_sfun_registry.obj
 0003:00002f38       $SG29098                   0000000180018f38     flightControlSystem_sfun_registry.obj
 0003:00002f48       $SG29099                   0000000180018f48     flightControlSystem_sfun_registry.obj
 0003:00002f50       $SG29101                   0000000180018f50     flightControlSystem_sfun_registry.obj
 0003:00002f88       $SG29102                   0000000180018f88     flightControlSystem_sfun_registry.obj
 0003:00002f98       $SG29103                   0000000180018f98     flightControlSystem_sfun_registry.obj
 0003:00002fa0       $SG29105                   0000000180018fa0     flightControlSystem_sfun_registry.obj
 0003:00002fd8       $SG29106                   0000000180018fd8     flightControlSystem_sfun_registry.obj
 0003:00002fe8       $SG29107                   0000000180018fe8     flightControlSystem_sfun_registry.obj
 0003:00002ff0       $SG29110                   0000000180018ff0     flightControlSystem_sfun_registry.obj
 0003:00002ff8       $SG29112                   0000000180018ff8     flightControlSystem_sfun_registry.obj
 0003:00003010       $SG29113                   0000000180019010     flightControlSystem_sfun_registry.obj
 0003:00003048       $SG29114                   0000000180019048     flightControlSystem_sfun_registry.obj
 0003:00003058       $SG29115                   0000000180019058     flightControlSystem_sfun_registry.obj
 0003:00003060       $SG29285                   0000000180019060     flightControlSystem_sfun_registry.obj
 0003:00003080       $SG29286                   0000000180019080     flightControlSystem_sfun_registry.obj
 0003:00003110       $SG29292                   0000000180019110     flightControlSystem_sfun_registry.obj
 0003:00003128       $SG29299                   0000000180019128     flightControlSystem_sfun_registry.obj
 0003:00003140       $SG29293                   0000000180019140     flightControlSystem_sfun_registry.obj
 0003:000031d0       $SG29300                   00000001800191d0     flightControlSystem_sfun_registry.obj
 0003:00003260       $SG29306                   0000000180019260     flightControlSystem_sfun_registry.obj
 0003:00003280       $SG29307                   0000000180019280     flightControlSystem_sfun_registry.obj
 0003:00003310       $SG29313                   0000000180019310     flightControlSystem_sfun_registry.obj
 0003:00003330       $SG29314                   0000000180019330     flightControlSystem_sfun_registry.obj
 0003:000033c0       $SG29318                   00000001800193c0     flightControlSystem_sfun_registry.obj
 0003:000033e0       $SG29319                   00000001800193e0     flightControlSystem_sfun_registry.obj
 0003:00003470       $SG29323                   0000000180019470     flightControlSystem_sfun_registry.obj
 0003:00003498       $SG29328                   0000000180019498     flightControlSystem_sfun_registry.obj
 0003:000034c0       $SG29324                   00000001800194c0     flightControlSystem_sfun_registry.obj
 0003:00003550       $SG29329                   0000000180019550     flightControlSystem_sfun_registry.obj
 0003:000035e0       $SG29333                   00000001800195e0     flightControlSystem_sfun_registry.obj
 0003:00003600       $SG29334                   0000000180019600     flightControlSystem_sfun_registry.obj
 0003:00003690       $SG29338                   0000000180019690     flightControlSystem_sfun_registry.obj
 0003:000036b0       $SG29339                   00000001800196b0     flightControlSystem_sfun_registry.obj
 0003:00003740       $SG29343                   0000000180019740     flightControlSystem_sfun_registry.obj
 0003:00003758       $SG29379                   0000000180019758     flightControlSystem_sfun_registry.obj
 0003:00003770       $SG29344                   0000000180019770     flightControlSystem_sfun_registry.obj
 0003:00003800       $SG29348                   0000000180019800     flightControlSystem_sfun_registry.obj
 0003:00003820       $SG29349                   0000000180019820     flightControlSystem_sfun_registry.obj
 0003:000038b0       $SG29353                   00000001800198b0     flightControlSystem_sfun_registry.obj
 0003:000038d0       $SG29354                   00000001800198d0     flightControlSystem_sfun_registry.obj
 0003:00003960       $SG29358                   0000000180019960     flightControlSystem_sfun_registry.obj
 0003:00003980       $SG29359                   0000000180019980     flightControlSystem_sfun_registry.obj
 0003:00003a10       $SG29363                   0000000180019a10     flightControlSystem_sfun_registry.obj
 0003:00003a30       $SG29364                   0000000180019a30     flightControlSystem_sfun_registry.obj
 0003:00003ac0       $SG29368                   0000000180019ac0     flightControlSystem_sfun_registry.obj
 0003:00003ae0       $SG29369                   0000000180019ae0     flightControlSystem_sfun_registry.obj
 0003:00003b70       $SG29373                   0000000180019b70     flightControlSystem_sfun_registry.obj
 0003:00003b90       $SG29374                   0000000180019b90     flightControlSystem_sfun_registry.obj
 0003:00003c20       $SG29380                   0000000180019c20     flightControlSystem_sfun_registry.obj
 0003:00003cb0       $SG29385                   0000000180019cb0     flightControlSystem_sfun_registry.obj
 0003:00003cb8       $SG29390                   0000000180019cb8     flightControlSystem_sfun_registry.obj
 0003:00003cd0       $SG29386                   0000000180019cd0     flightControlSystem_sfun_registry.obj
 0003:00003d60       $SG29391                   0000000180019d60     flightControlSystem_sfun_registry.obj
 0003:00003df0       $SG29395                   0000000180019df0     flightControlSystem_sfun_registry.obj
 0003:00003e00       $SG29396                   0000000180019e00     flightControlSystem_sfun_registry.obj
 0003:00003e90       $SG29400                   0000000180019e90     flightControlSystem_sfun_registry.obj
 0003:00003eb0       $SG29401                   0000000180019eb0     flightControlSystem_sfun_registry.obj
 0003:00003f40       $SG29405                   0000000180019f40     flightControlSystem_sfun_registry.obj
 0003:00003f60       $SG29406                   0000000180019f60     flightControlSystem_sfun_registry.obj
 0003:00003ff0       $SG29410                   0000000180019ff0     flightControlSystem_sfun_registry.obj
 0003:00004000       $SG29411                   000000018001a000     flightControlSystem_sfun_registry.obj
 0003:00004090       $SG29415                   000000018001a090     flightControlSystem_sfun_registry.obj
 0003:000040a0       $SG29416                   000000018001a0a0     flightControlSystem_sfun_registry.obj
 0003:00004130       $SG29420                   000000018001a130     flightControlSystem_sfun_registry.obj
 0003:00004148       $SG29425                   000000018001a148     flightControlSystem_sfun_registry.obj
 0003:00004160       $SG29421                   000000018001a160     flightControlSystem_sfun_registry.obj
 0003:000041f0       $SG29426                   000000018001a1f0     flightControlSystem_sfun_registry.obj
 0003:00004280       $SG29430                   000000018001a280     flightControlSystem_sfun_registry.obj
 0003:00004290       $SG29431                   000000018001a290     flightControlSystem_sfun_registry.obj
 0003:00004320       $SG29439                   000000018001a320     flightControlSystem_sfun_registry.obj
 0003:00004330       $SG29440                   000000018001a330     flightControlSystem_sfun_registry.obj
 0003:000043c0       $SG29446                   000000018001a3c0     flightControlSystem_sfun_registry.obj
 0003:000043d0       $SG29447                   000000018001a3d0     flightControlSystem_sfun_registry.obj
 0003:00004460       $SG29451                   000000018001a460     flightControlSystem_sfun_registry.obj
 0003:00004470       $SG29452                   000000018001a470     flightControlSystem_sfun_registry.obj
 0003:00004500       $SG29457                   000000018001a500     flightControlSystem_sfun_registry.obj
 0003:00004510       $SG29458                   000000018001a510     flightControlSystem_sfun_registry.obj
 0003:000045a0       $SG29462                   000000018001a5a0     flightControlSystem_sfun_registry.obj
 0003:00004618       $SG29505                   000000018001a618     flightControlSystem_sfun_registry.obj
 0003:00004630       $SG29492                   000000018001a630     flightControlSystem_sfun_registry.obj
 0003:00004748       $SG29516                   000000018001a748     flightControlSystem_sfun_registry.obj
 0003:00004758       $SG29529                   000000018001a758     flightControlSystem_sfun_registry.obj
 0003:00004768       $SG29540                   000000018001a768     flightControlSystem_sfun_registry.obj
 0003:00004778       $SG29553                   000000018001a778     flightControlSystem_sfun_registry.obj
 0003:00004788       $SG29564                   000000018001a788     flightControlSystem_sfun_registry.obj
 0003:00004798       $SG29574                   000000018001a798     flightControlSystem_sfun_registry.obj
 0003:00004800       sRtwOptimizationInfoStruct 000000018001a800     flightControlSystem_sfun.obj
 0003:00004808       sOptimizationInfoFlags     000000018001a808     flightControlSystem_sfun.obj
 0003:00004810       $SG27061                   000000018001a810     c11_flightControlSystem.obj
 0003:00004811       $SG27065                   000000018001a811     c11_flightControlSystem.obj
 0003:00004812       $SG27069                   000000018001a812     c11_flightControlSystem.obj
 0003:00004813       $SG27073                   000000018001a813     c11_flightControlSystem.obj
 0003:00004814       $SG27077                   000000018001a814     c11_flightControlSystem.obj
 0003:00004815       $SG27242                   000000018001a815     c11_flightControlSystem.obj
 0003:00004816       $SG27918                   000000018001a816     c11_flightControlSystem.obj
 0003:00004817       $SG27919                   000000018001a817     c11_flightControlSystem.obj
 0003:00004818       _sfTime_                   000000018001a818     c11_flightControlSystem.obj
 0003:00004820       ?newstr@?1??sf_c11_flightControlSystem_get_post_codegen_info@@9@9 000000018001a820     c11_flightControlSystem.obj
 0003:00004e11       $SG28073                   000000018001ae11     c11_flightControlSystem.obj
 0003:00004e14       sfGlobalMdlStartCallCounts 000000018001ae14     flightControlSystem_sfun_registry.obj
 0003:00004e18       $SG28937                   000000018001ae18     flightControlSystem_sfun_registry.obj
 0003:00004e20       GS_ExceptionRecord         000000018001ae20     MSVCRT:gs_report.obj
 0003:00004ec0       GS_ContextRecord           000000018001aec0     MSVCRT:gs_report.obj
 0003:00005390       ?__proc_attached@@3HA      000000018001b390     MSVCRT:dll_dllmain.obj
 0003:000053d0       ?is_initialized_as_dll@@3_NA 000000018001b3d0     MSVCRT:utility.obj
 0003:000053d1       ?module_local_atexit_table_initialized@@3_NA 000000018001b3d1     MSVCRT:utility.obj
 0003:000053d8       ?module_local_atexit_table@@3U_onexit_table_t@@A 000000018001b3d8     MSVCRT:utility.obj
 0003:000053f0       ?module_local_at_quick_exit_table@@3U_onexit_table_t@@A 000000018001b3f0     MSVCRT:utility.obj
